Duplicated file found; will not be sent for synthesis: /users/students/r0713047/Eagle/Eagle7/src/bd/ipshared/5f23/src/PWM_measure.vhd
Duplicated file found; will not be sent for synthesis: /users/students/r0713047/Eagle/Eagle7/src/bd/ipshared/5f23/hdl/RC_v1_0_S00_AXI.vhd
Duplicated file found; will not be sent for synthesis: /users/students/r0713047/Eagle/Eagle7/src/bd/ipshared/5f23/hdl/RC_v1_0.vhd
Duplicated file found; will not be sent for synthesis: /users/students/r0713047/Eagle/Eagle7/src/bd/ipshared/cced/hdl/axi_lite_ipif_v3_0_vh_rfs.vhd
Duplicated file found; will not be sent for synthesis: /users/students/r0713047/Eagle/Eagle7/src/bd/ipshared/ef1e/hdl/lib_cdc_v1_0_rfs.vhd
Duplicated file found; will not be sent for synthesis: /users/students/r0713047/Eagle/Eagle7/src/bd/ipshared/8e66/hdl/interrupt_control_v3_1_vh_rfs.vhd
Duplicated file found; will not be sent for synthesis: /users/students/r0713047/Eagle/Eagle7/src/bd/ipshared/c193/hdl/axi_gpio_v2_0_vh_rfs.vhd
Duplicated file found; will not be sent for synthesis: /users/students/r0713047/Eagle/Eagle7/src/bd/ipshared/7486/hdl/PWM_AXI.vhd
Duplicated file found; will not be sent for synthesis: /users/students/r0713047/Eagle/Eagle7/src/bd/ipshared/7486/hdl/PWM_AXI_v1_0_S00_AXI.vhd
Duplicated file found; will not be sent for synthesis: /users/students/r0713047/Eagle/Eagle7/src/bd/ipshared/7486/hdl/PWM_AXI_v1_0.vhd
Duplicated file found; will not be sent for synthesis: /users/students/r0713047/Eagle/Eagle7/src/bd/ipshared/7486/hdl/PWM_AXI.vhd
Duplicated file found; will not be sent for synthesis: /users/students/r0713047/Eagle/Eagle7/src/bd/ipshared/7486/hdl/PWM_AXI_v1_0_S00_AXI.vhd
Duplicated file found; will not be sent for synthesis: /users/students/r0713047/Eagle/Eagle7/src/bd/ipshared/7486/hdl/PWM_AXI_v1_0.vhd
Duplicated file found; will not be sent for synthesis: /users/students/r0713047/Eagle/Eagle7/src/bd/ipshared/ef1e/hdl/lib_cdc_v1_0_rfs.vhd
Duplicated file found; will not be sent for synthesis: /users/students/r0713047/Eagle/Eagle7/src/bd/ipshared/7486/hdl/PWM_AXI.vhd
Duplicated file found; will not be sent for synthesis: /users/students/r0713047/Eagle/Eagle7/src/bd/ipshared/7486/hdl/PWM_AXI_v1_0_S00_AXI.vhd
Duplicated file found; will not be sent for synthesis: /users/students/r0713047/Eagle/Eagle7/src/bd/ipshared/7486/hdl/PWM_AXI_v1_0.vhd
Duplicated file found; will not be sent for synthesis: /users/students/r0713047/Eagle/Eagle7/src/bd/ipshared/b752/hdl/generic_baseblocks_v2_1_vl_rfs.v
Duplicated file found; will not be sent for synthesis: /users/students/r0713047/Eagle/Eagle7/src/bd/ipshared/247d/hdl/axi_data_fifo_v2_1_vl_rfs.v
Duplicated file found; will not be sent for synthesis: /users/students/r0713047/Eagle/Eagle7/src/bd/ipshared/ec67/hdl/axi_infrastructure_v1_1_0.vh
Duplicated file found; will not be sent for synthesis: /users/students/r0713047/Eagle/Eagle7/src/bd/ipshared/ec67/hdl/axi_infrastructure_v1_1_vl_rfs.v
Duplicated file found; will not be sent for synthesis: /users/students/r0713047/Eagle/Eagle7/src/bd/ipshared/6020/hdl/axi_register_slice_v2_1_vl_rfs.v
Duplicated file found; will not be sent for synthesis: /users/students/r0713047/Eagle/Eagle7/src/bd/ipshared/67d8/hdl/blk_mem_gen_v8_4_vhsyn_rfs.vhd
Duplicated file found; will not be sent for synthesis: /users/students/r0713047/Eagle/Eagle7/src/bd/ipshared/7aff/hdl/fifo_generator_v13_2_vhsyn_rfs.vhd
Duplicated file found; will not be sent for synthesis: /users/students/r0713047/Eagle/Eagle7/src/bd/ipshared/b752/hdl/generic_baseblocks_v2_1_vl_rfs.v
Duplicated file found; will not be sent for synthesis: /users/students/r0713047/Eagle/Eagle7/src/bd/ipshared/247d/hdl/axi_data_fifo_v2_1_vl_rfs.v
Duplicated file found; will not be sent for synthesis: /users/students/r0713047/Eagle/Eagle7/src/bd/ipshared/ec67/hdl/axi_infrastructure_v1_1_0.vh
Duplicated file found; will not be sent for synthesis: /users/students/r0713047/Eagle/Eagle7/src/bd/ipshared/ec67/hdl/axi_infrastructure_v1_1_vl_rfs.v
Duplicated file found; will not be sent for synthesis: /users/students/r0713047/Eagle/Eagle7/src/bd/ipshared/6020/hdl/axi_register_slice_v2_1_vl_rfs.v
Duplicated file found; will not be sent for synthesis: /users/students/r0713047/Eagle/Eagle7/src/bd/ipshared/ccfb/hdl/axi_protocol_converter_v2_1_vl_rfs.v
Duplicated file found; will not be sent for synthesis: /users/students/r0713047/Eagle/Eagle7/src/bd/ipshared/67d8/hdl/blk_mem_gen_v8_4_vhsyn_rfs.vhd
Duplicated file found; will not be sent for synthesis: /users/students/r0713047/Eagle/Eagle7/src/bd/ipshared/7aff/hdl/fifo_generator_v13_2_vhsyn_rfs.vhd
Duplicated file found; will not be sent for synthesis: /users/students/r0713047/Eagle/Eagle7/src/bd/ipshared/b752/hdl/generic_baseblocks_v2_1_vl_rfs.v
Duplicated file found; will not be sent for synthesis: /users/students/r0713047/Eagle/Eagle7/src/bd/ipshared/247d/hdl/axi_data_fifo_v2_1_vl_rfs.v
Duplicated file found; will not be sent for synthesis: /users/students/r0713047/Eagle/Eagle7/src/bd/ipshared/ec67/hdl/axi_infrastructure_v1_1_0.vh
Duplicated file found; will not be sent for synthesis: /users/students/r0713047/Eagle/Eagle7/src/bd/ipshared/ec67/hdl/axi_infrastructure_v1_1_vl_rfs.v
Duplicated file found; will not be sent for synthesis: /users/students/r0713047/Eagle/Eagle7/src/bd/ipshared/6020/hdl/axi_register_slice_v2_1_vl_rfs.v
Duplicated file found; will not be sent for synthesis: /users/students/r0713047/Eagle/Eagle7/src/bd/ipshared/ccfb/hdl/axi_protocol_converter_v2_1_vl_rfs.v
Duplicated file found; will not be sent for synthesis: /users/students/r0713047/Eagle/Eagle7/src/bd/ipshared/67d8/hdl/blk_mem_gen_v8_4_vhsyn_rfs.vhd
Duplicated file found; will not be sent for synthesis: /users/students/r0713047/Eagle/Eagle7/src/bd/ipshared/7aff/hdl/fifo_generator_v13_2_vhsyn_rfs.vhd
Duplicated file found; will not be sent for synthesis: /users/students/r0713047/Eagle/Eagle7/src/bd/ipshared/b752/hdl/generic_baseblocks_v2_1_vl_rfs.v
Duplicated file found; will not be sent for synthesis: /users/students/r0713047/Eagle/Eagle7/src/bd/ipshared/247d/hdl/axi_data_fifo_v2_1_vl_rfs.v
Duplicated file found; will not be sent for synthesis: /users/students/r0713047/Eagle/Eagle7/src/bd/ipshared/ec67/hdl/axi_infrastructure_v1_1_0.vh
Duplicated file found; will not be sent for synthesis: /users/students/r0713047/Eagle/Eagle7/src/bd/ipshared/ec67/hdl/axi_infrastructure_v1_1_vl_rfs.v
Duplicated file found; will not be sent for synthesis: /users/students/r0713047/Eagle/Eagle7/src/bd/ipshared/6020/hdl/axi_register_slice_v2_1_vl_rfs.v
Duplicated file found; will not be sent for synthesis: /users/students/r0713047/Eagle/Eagle7/src/bd/ipshared/ccfb/hdl/axi_protocol_converter_v2_1_vl_rfs.v
Duplicated file found; will not be sent for synthesis: /users/students/r0713047/Eagle/Eagle7/src/bd/ipshared/67d8/hdl/blk_mem_gen_v8_4_vhsyn_rfs.vhd
Duplicated file found; will not be sent for synthesis: /users/students/r0713047/Eagle/Eagle7/src/bd/ipshared/7aff/hdl/fifo_generator_v13_2_vhsyn_rfs.vhd
Duplicated file found; will not be sent for synthesis: /users/students/r0713047/Eagle/Eagle7/src/bd/ipshared/b752/hdl/generic_baseblocks_v2_1_vl_rfs.v
Duplicated file found; will not be sent for synthesis: /users/students/r0713047/Eagle/Eagle7/src/bd/ipshared/247d/hdl/axi_data_fifo_v2_1_vl_rfs.v
Duplicated file found; will not be sent for synthesis: /users/students/r0713047/Eagle/Eagle7/src/bd/ipshared/ec67/hdl/axi_infrastructure_v1_1_0.vh
Duplicated file found; will not be sent for synthesis: /users/students/r0713047/Eagle/Eagle7/src/bd/ipshared/ec67/hdl/axi_infrastructure_v1_1_vl_rfs.v
Duplicated file found; will not be sent for synthesis: /users/students/r0713047/Eagle/Eagle7/src/bd/ipshared/6020/hdl/axi_register_slice_v2_1_vl_rfs.v
Duplicated file found; will not be sent for synthesis: /users/students/r0713047/Eagle/Eagle7/src/bd/ipshared/ccfb/hdl/axi_protocol_converter_v2_1_vl_rfs.v
Duplicated file found; will not be sent for synthesis: /users/students/r0713047/Eagle/Eagle7/src/bd/ipshared/67d8/hdl/blk_mem_gen_v8_4_vhsyn_rfs.vhd
Duplicated file found; will not be sent for synthesis: /users/students/r0713047/Eagle/Eagle7/src/bd/ipshared/7aff/hdl/fifo_generator_v13_2_vhsyn_rfs.vhd
Duplicated file found; will not be sent for synthesis: /users/students/r0713047/Eagle/Eagle7/src/bd/ipshared/b752/hdl/generic_baseblocks_v2_1_vl_rfs.v
Duplicated file found; will not be sent for synthesis: /users/students/r0713047/Eagle/Eagle7/src/bd/ipshared/247d/hdl/axi_data_fifo_v2_1_vl_rfs.v
Duplicated file found; will not be sent for synthesis: /users/students/r0713047/Eagle/Eagle7/src/bd/ipshared/ec67/hdl/axi_infrastructure_v1_1_0.vh
Duplicated file found; will not be sent for synthesis: /users/students/r0713047/Eagle/Eagle7/src/bd/ipshared/ec67/hdl/axi_infrastructure_v1_1_vl_rfs.v
Duplicated file found; will not be sent for synthesis: /users/students/r0713047/Eagle/Eagle7/src/bd/ipshared/6020/hdl/axi_register_slice_v2_1_vl_rfs.v
Duplicated file found; will not be sent for synthesis: /users/students/r0713047/Eagle/Eagle7/src/bd/ipshared/ccfb/hdl/axi_protocol_converter_v2_1_vl_rfs.v
Duplicated file found; will not be sent for synthesis: /users/students/r0713047/Eagle/Eagle7/src/bd/ipshared/67d8/hdl/blk_mem_gen_v8_4_vhsyn_rfs.vhd
Duplicated file found; will not be sent for synthesis: /users/students/r0713047/Eagle/Eagle7/src/bd/ipshared/7aff/hdl/fifo_generator_v13_2_vhsyn_rfs.vhd
Duplicated file found; will not be sent for synthesis: /users/students/r0713047/Eagle/Eagle7/src/bd/ipshared/b752/hdl/generic_baseblocks_v2_1_vl_rfs.v
Duplicated file found; will not be sent for synthesis: /users/students/r0713047/Eagle/Eagle7/src/bd/ipshared/247d/hdl/axi_data_fifo_v2_1_vl_rfs.v
Duplicated file found; will not be sent for synthesis: /users/students/r0713047/Eagle/Eagle7/src/bd/ipshared/ec67/hdl/axi_infrastructure_v1_1_0.vh
Duplicated file found; will not be sent for synthesis: /users/students/r0713047/Eagle/Eagle7/src/bd/ipshared/ec67/hdl/axi_infrastructure_v1_1_vl_rfs.v
Duplicated file found; will not be sent for synthesis: /users/students/r0713047/Eagle/Eagle7/src/bd/ipshared/6020/hdl/axi_register_slice_v2_1_vl_rfs.v
Duplicated file found; will not be sent for synthesis: /users/students/r0713047/Eagle/Eagle7/src/bd/ipshared/ccfb/hdl/axi_protocol_converter_v2_1_vl_rfs.v
Duplicated file found; will not be sent for synthesis: /users/students/r0713047/Eagle/Eagle7/src/bd/ipshared/67d8/hdl/blk_mem_gen_v8_4_vhsyn_rfs.vhd
Duplicated file found; will not be sent for synthesis: /users/students/r0713047/Eagle/Eagle7/src/bd/ipshared/7aff/hdl/fifo_generator_v13_2_vhsyn_rfs.vhd
Duplicated file found; will not be sent for synthesis: /users/students/r0713047/Eagle/Eagle7/src/bd/ipshared/b752/hdl/generic_baseblocks_v2_1_vl_rfs.v
Duplicated file found; will not be sent for synthesis: /users/students/r0713047/Eagle/Eagle7/src/bd/ipshared/247d/hdl/axi_data_fifo_v2_1_vl_rfs.v
Duplicated file found; will not be sent for synthesis: /users/students/r0713047/Eagle/Eagle7/src/bd/ipshared/ec67/hdl/axi_infrastructure_v1_1_0.vh
Duplicated file found; will not be sent for synthesis: /users/students/r0713047/Eagle/Eagle7/src/bd/ipshared/ec67/hdl/axi_infrastructure_v1_1_vl_rfs.v
Duplicated file found; will not be sent for synthesis: /users/students/r0713047/Eagle/Eagle7/src/bd/ipshared/6020/hdl/axi_register_slice_v2_1_vl_rfs.v
Duplicated file found; will not be sent for synthesis: /users/students/r0713047/Eagle/Eagle7/src/bd/ipshared/ccfb/hdl/axi_protocol_converter_v2_1_vl_rfs.v
Duplicated file found; will not be sent for synthesis: /users/students/r0713047/Eagle/Eagle7/src/bd/ipshared/67d8/hdl/blk_mem_gen_v8_4_vhsyn_rfs.vhd
Duplicated file found; will not be sent for synthesis: /users/students/r0713047/Eagle/Eagle7/src/bd/ipshared/7aff/hdl/fifo_generator_v13_2_vhsyn_rfs.vhd
Duplicated file found; will not be sent for synthesis: /users/students/r0713047/Eagle/Eagle7/src/bd/ipshared/b752/hdl/generic_baseblocks_v2_1_vl_rfs.v
Duplicated file found; will not be sent for synthesis: /users/students/r0713047/Eagle/Eagle7/src/bd/ipshared/247d/hdl/axi_data_fifo_v2_1_vl_rfs.v
Duplicated file found; will not be sent for synthesis: /users/students/r0713047/Eagle/Eagle7/src/bd/ipshared/ec67/hdl/axi_infrastructure_v1_1_0.vh
Duplicated file found; will not be sent for synthesis: /users/students/r0713047/Eagle/Eagle7/src/bd/ipshared/ec67/hdl/axi_infrastructure_v1_1_vl_rfs.v
Duplicated file found; will not be sent for synthesis: /users/students/r0713047/Eagle/Eagle7/src/bd/ipshared/6020/hdl/axi_register_slice_v2_1_vl_rfs.v
Duplicated file found; will not be sent for synthesis: /users/students/r0713047/Eagle/Eagle7/src/bd/ipshared/ccfb/hdl/axi_protocol_converter_v2_1_vl_rfs.v
Duplicated file found; will not be sent for synthesis: /users/students/r0713047/Eagle/Eagle7/src/bd/ipshared/67d8/hdl/blk_mem_gen_v8_4_vhsyn_rfs.vhd
Duplicated file found; will not be sent for synthesis: /users/students/r0713047/Eagle/Eagle7/src/bd/ipshared/7aff/hdl/fifo_generator_v13_2_vhsyn_rfs.vhd
Duplicated file found; will not be sent for synthesis: /users/students/r0713047/Eagle/Eagle7/src/bd/ipshared/b752/hdl/generic_baseblocks_v2_1_vl_rfs.v
Duplicated file found; will not be sent for synthesis: /users/students/r0713047/Eagle/Eagle7/src/bd/ipshared/247d/hdl/axi_data_fifo_v2_1_vl_rfs.v
Duplicated file found; will not be sent for synthesis: /users/students/r0713047/Eagle/Eagle7/src/bd/ipshared/ec67/hdl/axi_infrastructure_v1_1_0.vh
Duplicated file found; will not be sent for synthesis: /users/students/r0713047/Eagle/Eagle7/src/bd/ipshared/ec67/hdl/axi_infrastructure_v1_1_vl_rfs.v
Duplicated file found; will not be sent for synthesis: /users/students/r0713047/Eagle/Eagle7/src/bd/ipshared/6020/hdl/axi_register_slice_v2_1_vl_rfs.v
Duplicated file found; will not be sent for synthesis: /users/students/r0713047/Eagle/Eagle7/src/bd/ipshared/ccfb/hdl/axi_protocol_converter_v2_1_vl_rfs.v
Duplicated file found; will not be sent for synthesis: /users/students/r0713047/Eagle/Eagle7/src/bd/ipshared/67d8/hdl/blk_mem_gen_v8_4_vhsyn_rfs.vhd
Duplicated file found; will not be sent for synthesis: /users/students/r0713047/Eagle/Eagle7/src/bd/ipshared/7aff/hdl/fifo_generator_v13_2_vhsyn_rfs.vhd
CRC performance measure: elapsed=00:00:00s;;memory_peak=2120.848MB;;memory_gain=0.000MB
