case__28: drone__GB2, 
logic__405: drone__GB1, 
logic__2690: drone__GB0, 
logic__566: drone__GB1, 
logic__2524: drone__GB0, 
muxpart__388: drone__GB1, 
case__514: drone__GB0, 
logic__2527: drone__GB0, 
muxpart__374: drone__GB1, 
case__8: drone__GB2, drone__GB0, 
muxpart__6: drone__GB2, 
logic__262: drone__GB0, 
logic__1796: drone__GB0, 
case__71: drone__GB0, 
EAGLE_to_AXI_interface: drone__GB1, 
muxpart__341: drone__GB1, 
case__609: drone__GB0, 
datapath__106: drone__GB0, 
logic__721: drone__GB1, 
logic__2852: drone__GB2, 
logic__172: drone__GB2, 
logic__1578: drone__GB0, 
addsub__28: drone__GB0, 
logic__1093: drone__GB1, 
logic__2520: drone__GB0, 
logic__697: drone__GB1, 
muxpart__39: drone__GB1, 
logic__527: drone__GB1, 
muxpart__188: drone__GB1, 
reg__83: drone__GB0, 
case__446: drone__GB1, 
logic__1512: drone__GB0, 
case__180: drone__GB1, 
logic__2414: drone__GB0, 
reg__10: drone__GB2, drone__GB0, 
logic__1028: drone__GB1, 
case__557: drone__GB0, 
signinv__30: drone__GB0, 
muxpart__437: drone__GB1, 
logic__1680: drone__GB0, 
muxpart__220: drone__GB1, 
logic__2513: drone__GB0, 
muxpart__98: drone__GB1, 
logic__1647: drone__GB0, 
logic__1892: drone__GB0, 
logic__384: drone__GB1, 
case__437: drone__GB1, 
logic__2347: drone__GB0, 
reg__37: drone__GB1, drone__GB0, 
reg__50: drone__GB2, 
datapath__23: drone__GB2, 
logic__364: drone__GB1, 
case__226: drone__GB1, 
case__518: drone__GB0, 
logic__2200: drone__GB0, 
muxpart__180: drone__GB1, 
case__4: drone__GB2, drone__GB0, 
logic__144: drone__GB2, 
datapath__170: drone__GB0, 
logic__1153: drone__GB1, 
case__116: drone__GB1, 
case__360: drone__GB1, 
case__277: drone__GB1, 
logic__258: drone__GB0, 
logic__1192: drone__GB1, 
keep__34: drone__GB0, 
reg__12: drone__GB2, drone__GB0, 
muxpart__116: drone__GB1, 
generic_baseblocks_v2_1_0_mux_enc__parameterized0: drone__GB0, 
logic__1548: drone__GB0, 
logic__1507: drone__GB0, 
logic__797: drone__GB1, 
logic__1406: drone__GB1, 
case__251: drone__GB1, 
logic__173: drone__GB2, 
logic__1497: drone__GB2, 
logic__1386: drone__GB1, 
case__630: drone__GB0, 
reg__321: drone__GB2, 
reg__11: drone__GB2, drone__GB0, 
logic__1655: drone__GB0, 
case__654: drone__GB0, 
reg__49: drone__GB2, 
muxpart__319: drone__GB1, 
muxpart__33: drone__GB1, 
reg__100: drone__GB0, 
reg__48: drone__GB2, 
muxpart__236: drone__GB1, 
logic__2185: drone__GB0, 
reg__298: drone__GB0, 
reg__161: drone__GB1, 
case__301: drone__GB1, 
logic__799: drone__GB1, 
logic__933: drone__GB1, 
reg__299: drone__GB0, 
logic__2582: drone__GB0, 
logic__1888: drone__GB0, 
case__538: drone__GB0, 
muxpart__430: drone__GB1, 
reg__258: drone__GB0, 
reg__26: drone__GB1, drone__GB0, 
case__62: drone__GB0, 
logic__2155: drone__GB0, 
case__487: drone__GB0, 
datapath__79: drone__GB0, 
case__206: drone__GB1, 
muxpart__280: drone__GB1, 
logic__2764: drone__GB0, 
case__394: drone__GB1, 
case__303: drone__GB1, 
logic__1036: drone__GB1, 
logic__1150: drone__GB1, 
keep__28: drone__GB0, 
logic__1797: drone__GB0, 
logic__1866: drone__GB0, 
logic__649: drone__GB1, 
logic__2362: drone__GB0, 
muxpart__60: drone__GB1, 
logic__1094: drone__GB1, 
datapath__56: drone__GB0, 
logic__490: drone__GB1, 
logic__2126: drone__GB0, 
logic__858: drone__GB1, 
reg__268: drone__GB0, 
logic__115: drone__GB2, 
logic__2315: drone__GB0, 
logic__1287: drone__GB1, 
logic__1500: drone__GB0, 
logic__731: drone__GB1, 
keep__44: drone__GB0, 
reg__205: drone__GB2, 
reg__304: drone__GB0, 
logic__1298: drone__GB1, 
datapath__107: drone__GB0, 
logic__2136: drone__GB0, 
generic_baseblocks_v2_1_0_comparator_static__parameterized7: drone__GB0, 
case__599: drone__GB0, 
logic__2039: drone__GB0, 
logic__935: drone__GB1, 
logic__25: drone__GB2, drone__GB0, 
muxpart__118: drone__GB1, 
muxpart__380: drone__GB1, 
muxpart__246: drone__GB1, 
logic__2137: drone__GB0, 
logic__2470: drone__GB0, 
reg__140: drone__GB1, 
logic__55: drone__GB1, drone__GB0, 
case__326: drone__GB1, 
datapath__120: drone__GB0, 
case__621: drone__GB0, 
pselect_f__parameterized1: drone__GB0, 
logic__1: drone__GB2, drone__GB0, 
muxpart__166: drone__GB1, 
logic__54: drone__GB1, drone__GB0, 
addsub__26: drone__GB0, 
logic__1488: drone__GB2, 
datapath__54: drone__GB0, 
case__256: drone__GB1, 
reg__111: drone__GB0, 
case__208: drone__GB1, 
logic__864: drone__GB1, 
keep__4: drone__GB0, 
case__269: drone__GB1, 
datapath__154: drone__GB0, 
case__213: drone__GB1, 
reg__259: drone__GB0, 
case__91: drone__GB1, 
logic__2415: drone__GB0, 
signinv__28: drone__GB0, 
muxpart__129: drone__GB1, 
case__495: drone__GB0, 
logic__464: drone__GB1, 
logic__763: drone__GB1, 
addsub__6: drone__GB0, 
case__260: drone__GB1, 
muxpart__401: drone__GB1, 
case__88: drone__GB1, 
logic__1658: drone__GB0, 
case__452: drone__GB1, 
case__132: drone__GB1, 
logic__59: drone__GB1, drone__GB0, 
logic__2246: drone__GB0, 
datapath__67: drone__GB0, 
case__327: drone__GB1, 
case__146: drone__GB1, 
case__26: drone__GB2, 
logic__1543: drone__GB0, 
case__367: drone__GB1, 
counter__18: drone__GB2, 
case__489: drone__GB0, 
axi_protocol_converter_v2_1_17_b2s_aw_channel: drone__GB0, 
logic__2150: drone__GB0, 
case__469: drone__GB1, 
case__319: drone__GB1, 
muxpart__17: drone__GB1, 
logic__1062: drone__GB1, 
logic__733: drone__GB1, 
logic__1798: drone__GB0, 
logic__1603: drone__GB0, 
logic__1535: drone__GB0, 
logic__259: drone__GB0, 
logic__380: drone__GB1, 
muxpart__125: drone__GB1, 
logic__602: drone__GB1, 
muxpart__84: drone__GB1, 
counter__17: drone__GB0, 
logic__1508: drone__GB0, 
datapath__177: drone__GB2, 
muxpart__414: drone__GB1, 
generic_baseblocks_v2_1_0_comparator_static__parameterized6: drone__GB0, 
logic__1203: drone__GB1, 
muxpart__335: drone__GB1, 
reg__73: drone__GB2, 
case__374: drone__GB1, 
logic__371: drone__GB1, 
logic__1415: drone__GB1, 
cdc_sync: drone__GB0, 
case__14: drone__GB1, drone__GB0, 
case__178: drone__GB1, 
logic__2691: drone__GB0, 
logic__1889: drone__GB0, 
datapath__161: drone__GB0, 
logic__750: drone__GB1, 
case__648: drone__GB0, 
swipt_toplevel: drone__GB2, 
muxpart__299: drone__GB1, 
PWM_AXI_triple_v1_0: drone__GB2, drone__GB0, 
reg__275: drone__GB0, 
logic__2036: drone__GB0, 
addsub__22: drone__GB0, 
case__128: drone__GB1, 
logic__1377: drone__GB1, 
signinv__8: drone__GB0, 
logic__1104: drone__GB1, 
muxpart__273: drone__GB1, 
logic__1436: drone__GB1, 
logic__1867: drone__GB0, 
logic__1825: drone__GB0, 
muxpart__407: drone__GB1, 
case__687: drone__GB0, 
generic_baseblocks_v2_1_0_mux_enc: drone__GB0, 
signinv__24: drone__GB0, 
case__86: drone__GB1, 
logic__2737: drone__GB0, 
keep__7: drone__GB0, 
case__660: drone__GB0, 
datapath__34: drone__GB1, 
case__414: drone__GB1, 
logic__2804: drone__GB0, 
logic__1205: drone__GB1, 
keep__47: drone__GB0, 
logic__2511: drone__GB0, 
muxpart__25: drone__GB1, 
logic__2156: drone__GB0, 
reg__52: drone__GB2, 
logic__2035: drone__GB0, 
logic__1291: drone__GB1, 
reg__156: drone__GB1, 
logic__625: drone__GB1, 
case__499: drone__GB0, 
muxpart__235: drone__GB1, 
case__53: drone__GB0, 
logic__1536: drone__GB0, 
case__689: drone__GB2, 
case__456: drone__GB1, 
muxpart__144: drone__GB1, 
logic__1251: drone__GB1, 
case__636: drone__GB0, 
reg__202: drone__GB2, 
counter__7: drone__GB1, 
case__605: drone__GB0, 
axi_data_fifo_v2_1_16_axic_srl_fifo__parameterized1: drone__GB0, 
case__262: drone__GB1, 
logic__1391: drone__GB1, 
case__379: drone__GB1, 
case__312: drone__GB1, 
muxpart__297: drone__GB1, 
muxpart__365: drone__GB1, 
reg__315: drone__GB0, 
logic__2583: drone__GB0, 
muxpart__186: drone__GB1, 
reg__96: drone__GB0, 
reg__319: drone__GB2, 
reg__274: drone__GB0, 
logic__453: drone__GB1, 
keep__5: drone__GB0, 
logic__1598: drone__GB0, 
logic__2201: drone__GB0, 
case__558: drone__GB0, 
case__43: drone__GB2, 
muxpart__261: drone__GB1, 
datapath__116: drone__GB0, 
logic__1018: drone__GB1, 
logic__410: drone__GB1, 
logic__1268: drone__GB1, 
logic__1127: drone__GB1, 
logic__501: drone__GB1, 
logic__875: drone__GB1, 
logic__377: drone__GB1, 
logic__1408: drone__GB1, 
case__290: drone__GB1, 
case__67: drone__GB0, 
logic__2316: drone__GB0, 
Pwm: drone__GB2, 
logic__393: drone__GB1, 
muxpart__145: drone__GB1, 
reg__67: drone__GB2, 
keep__25: drone__GB0, 
muxpart__8: drone__GB2, 
pselect_f__parameterized2: drone__GB0, 
keep__49: drone__GB0, 
counter__10: drone__GB2, 
muxpart__307: drone__GB1, 
reg__124: drone__GB1, 
logic__2497: drone__GB0, 
logic__2599: drone__GB0, 
logic__43: drone__GB1, drone__GB0, 
muxpart__369: drone__GB1, 
reg__260: drone__GB0, 
reg__21: drone__GB1, drone__GB0, 
logic__2543: drone__GB0, 
reg__87: drone__GB0, 
case__505: drone__GB0, 
logic__1490: drone__GB2, 
logic__1196: drone__GB1, 
logic__1868: drone__GB0, 
reg__270: drone__GB0, 
PWM_AXI: drone__GB2, drone__GB0, 
logic__1470: drone__GB1, 
logic__1329: drone__GB1, 
case__190: drone__GB1, 
muxpart__198: drone__GB1, 
keep__6: drone__GB0, 
case__199: drone__GB1, 
generic_baseblocks_v2_1_0_comparator_static__parameterized5: drone__GB0, 
muxpart__207: drone__GB1, 
muxpart__281: drone__GB1, 
reg__92: drone__GB0, 
case__366: drone__GB1, 
logic__2186: drone__GB0, 
case__481: drone__GB0, 
datapath__102: drone__GB0, 
reg__309: drone__GB0, 
muxpart__427: drone__GB1, 
reg__226: drone__GB0, 
datapath__89: drone__GB0, 
muxpart__107: drone__GB1, 
case__376: drone__GB1, 
reg__200: drone__GB1, 
case__261: drone__GB1, 
drone__GB0: drone__GB0, 
muxpart__63: drone__GB1, 
logic__2519: drone__GB0, 
reg__64: drone__GB2, 
logic__2603: drone__GB0, 
logic__2849: drone__GB2, 
logic__143: drone__GB2, 
muxpart__80: drone__GB1, 
m05_couplers_imp_16SS5LQ: drone__GB0, 
case__112: drone__GB1, 
logic__2159: drone__GB0, 
reg__118: drone__GB1, 
case__559: drone__GB0, 
reg__313: drone__GB0, 
muxpart__303: drone__GB1, 
logic__645: drone__GB1, 
logic__1891: drone__GB0, 
muxpart__408: drone__GB1, 
case__473: drone__GB1, 
GPIO_Core__parameterized0: drone__GB0, 
logic__581: drone__GB1, 
muxpart__344: drone__GB1, 
logic__963: drone__GB1, 
case__304: drone__GB1, 
case__433: drone__GB1, 
axi_infrastructure_v1_1_0_axi2vector__parameterized1: drone__GB0, 
muxpart__175: drone__GB1, 
logic__2323: drone__GB0, 
logic__2711: drone__GB0, 
case__385: drone__GB1, 
muxpart__436: drone__GB1, 
logic__2252: drone__GB0, 
logic__444: drone__GB1, 
reg__89: drone__GB0, 
case__295: drone__GB1, 
logic__2562: drone__GB0, 
generic_baseblocks_v2_1_0_comparator_static__parameterized4: drone__GB0, 
logic__2: drone__GB2, drone__GB0, 
logic__1443: drone__GB1, 
logic__1479: drone__GB1, 
case__563: drone__GB0, 
case__580: drone__GB0, 
case__667: drone__GB0, 
muxpart__53: drone__GB1, 
logic__668: drone__GB1, 
logic__746: drone__GB1, 
logic__398: drone__GB1, 
counter__8: drone__GB1, 
muxpart__421: drone__GB1, 
logic__1827: drone__GB0, 
logic__517: drone__GB1, 
logic__598: drone__GB1, 
muxpart__309: drone__GB1, 
muxpart__234: drone__GB1, 
case__565: drone__GB0, 
case__370: drone__GB1, 
addsub__5: drone__GB0, 
logic__1756: drone__GB0, 
case__354: drone__GB1, 
datapath__121: drone__GB0, 
datapath__66: drone__GB0, 
logic__956: drone__GB1, 
muxpart__124: drone__GB1, 
reg__308: drone__GB0, 
logic__2486: drone__GB0, 
case__89: drone__GB1, 
logic__2544: drone__GB0, 
reg__262: drone__GB0, 
datapath__162: drone__GB0, 
logic__1395: drone__GB1, 
muxpart__12: drone__GB1, 
case__66: drone__GB0, 
case__84: drone__GB1, 
logic__2272: drone__GB0, 
logic__1085: drone__GB1, 
reg__312: drone__GB0, 
logic__1869: drone__GB0, 
case__7: drone__GB2, drone__GB0, 
muxpart__364: drone__GB1, 
logic__287: drone__GB0, 
case__535: drone__GB0, 
logic__1510: drone__GB0, 
logic__1570: drone__GB0, 
case__283: drone__GB1, 
logic__1219: drone__GB1, 
reg__43: drone__GB1, drone__GB0, 
logic__1613: drone__GB0, 
reg__273: drone__GB0, 
logic__1762: drone__GB0, 
reg__314: drone__GB0, 
logic__1805: drone__GB0, 
case__61: drone__GB0, 
reg__31: drone__GB1, drone__GB0, 
logic__389: drone__GB1, 
datapath__145: drone__GB0, 
reg__290: drone__GB0, 
axi_crossbar_v2_1_18_addr_decoder: drone__GB0, 
drone_axi_gpio_led_0: drone__GB0, 
logic__880: drone__GB1, 
reg__17: drone__GB2, drone__GB0, 
datapath__80: drone__GB0, 
reg__254: drone__GB0, 
logic__960: drone__GB1, 
signinv__7: drone__GB0, 
logic__2304: drone__GB0, 
case__54: drone__GB0, 
logic__2675: drone__GB0, 
case__289: drone__GB1, 
case__294: drone__GB1, 
logic__2828: drone__GB0, 
muxpart__240: drone__GB1, 
logic__1306: drone__GB1, 
logic__845: drone__GB1, 
case__127: drone__GB1, 
logic__242: drone__GB0, 
logic__587: drone__GB1, 
logic__2444: drone__GB0, 
case__443: drone__GB1, 
muxpart__173: drone__GB1, 
reg__241: drone__GB0, 
logic__2463: drone__GB0, 
logic__2729: drone__GB0, 
logic__40: drone__GB1, drone__GB0, 
logic__1499: drone__GB2, 
case__674: drone__GB0, 
case__161: drone__GB1, 
generic_baseblocks_v2_1_0_comparator_static: drone__GB0, 
logic__1616: drone__GB0, 
logic__1345: drone__GB1, 
muxpart__137: drone__GB1, 
logic__2656: drone__GB0, 
muxpart__357: drone__GB1, 
axi_data_fifo_v2_1_16_axic_reg_srl_fifo: drone__GB0, 
muxpart__371: drone__GB1, 
reg__16: drone__GB2, drone__GB0, 
logic__606: drone__GB1, 
case__81: drone__GB0, 
muxpart__70: drone__GB1, 
case__31: drone__GB2, 
muxpart__232: drone__GB1, 
logic__2187: drone__GB0, 
muxpart__142: drone__GB1, 
muxpart__89: drone__GB1, 
case__72: drone__GB0, 
muxpart__32: drone__GB1, 
logic__2747: drone__GB0, 
case__170: drone__GB1, 
muxpart__418: drone__GB1, 
logic__1939: drone__GB0, 
logic__1614: drone__GB0, 
logic__552: drone__GB1, 
muxpart__276: drone__GB1, 
logic__590: drone__GB1, 
muxpart__272: drone__GB1, 
case__603: drone__GB0, 
case__384: drone__GB1, 
generic_baseblocks_v2_1_0_comparator_static__parameterized3: drone__GB0, 
logic__286: drone__GB0, 
reg__267: drone__GB0, 
logic__2292: drone__GB0, 
drone_SWIPT_2020_0_0: drone__GB2, 
logic__2810: drone__GB0, 
logic__373: drone__GB1, 
reg__117: drone__GB1, 
logic__796: drone__GB1, 
case__234: drone__GB1, 
logic__2306: drone__GB0, 
muxpart__400: drone__GB1, 
logic__2542: drone__GB0, 
crypto2020_hash_ip_v1_v1_0: drone__GB1, 
logic__2627: drone__GB0, 
logic__1161: drone__GB1, 
case__162: drone__GB1, 
muxpart: drone__GB2, 
logic__2334: drone__GB0, 
logic__1452: drone__GB1, 
logic__1870: drone__GB0, 
case__329: drone__GB1, 
datapath__146: drone__GB0, 
reg__302: drone__GB0, 
muxpart__161: drone__GB1, 
case__245: drone__GB1, 
case__257: drone__GB1, 
reg__169: drone__GB1, 
muxpart__254: drone__GB1, 
logic__1806: drone__GB0, 
case__140: drone__GB1, 
datapath__137: drone__GB0, 
logic__252: drone__GB0, 
case__70: drone__GB0, 
case__309: drone__GB1, 
reg__257: drone__GB0, 
muxpart__283: drone__GB1, 
reg__181: drone__GB1, 
logic__1081: drone__GB1, 
signinv__1: drone__GB0, 
logic__2854: drone__GB2, 
muxpart__410: drone__GB1, 
reg__179: drone__GB1, 
logic__2628: drone__GB0, 
logic__2428: drone__GB0, 
logic__1316: drone__GB1, 
logic__1400: drone__GB1, 
logic__1364: drone__GB1, 
case__69: drone__GB0, 
axi_crossbar_v2_1_18_decerr_slave: drone__GB0, 
datapath__160: drone__GB0, 
generic_baseblocks_v2_1_0_comparator_static__parameterized2: drone__GB0, 
logic__1586: drone__GB0, 
logic__1621: drone__GB0, 
case__491: drone__GB0, 
logic__1752: drone__GB0, 
reg__281: drone__GB0, 
drone_axi_gpio_testpins_0: drone__GB0, 
logic__1890: drone__GB0, 
reg__183: drone__GB1, 
keep__14: drone__GB0, 
muxpart__162: drone__GB1, 
reg__168: drone__GB1, 
case__634: drone__GB0, 
case__397: drone__GB1, 
logic__1709: drone__GB0, 
logic__2103: drone__GB0, 
case__685: drone__GB0, 
logic__769: drone__GB1, 
logic__2618: drone__GB0, 
reg__144: drone__GB1, 
logic__2106: drone__GB0, 
muxpart__189: drone__GB1, 
reg__34: drone__GB1, drone__GB0, 
reg__292: drone__GB0, 
logic__723: drone__GB1, 
reg__77: drone__GB2, 
logic__2496: drone__GB0, 
logic__1705: drone__GB0, 
proc_sys_reset: drone__GB2, 
logic__356: drone__GB1, 
logic__895: drone__GB1, 
datapath__113: drone__GB0, 
logic__1181: drone__GB1, 
muxpart__311: drone__GB1, 
logic__2566: drone__GB0, 
logic__2247: drone__GB0, 
logic__575: drone__GB1, 
datapath__103: drone__GB0, 
muxpart__435: drone__GB1, 
logic__2577: drone__GB0, 
logic__1493: drone__GB2, 
datapath__76: drone__GB0, 
logic__967: drone__GB1, 
muxpart__94: drone__GB1, 
logic__1079: drone__GB1, 
case__22: drone__GB2, 
case__680: drone__GB0, 
logic__1755: drone__GB0, 
logic__1807: drone__GB0, 
muxpart__140: drone__GB1, 
case__137: drone__GB1, 
muxpart__429: drone__GB1, 
datapath__143: drone__GB0, 
reg__134: drone__GB1, 
case__247: drone__GB1, 
reg__217: drone__GB0, 
datapath__73: drone__GB0, 
datapath__149: drone__GB0, 
case__179: drone__GB1, 
axi_protocol_converter_v2_1_17_axi_protocol_converter: drone__GB0, 
datapath__3: drone__GB2, drone__GB0, 
muxpart__270: drone__GB1, 
datapath__172: drone__GB0, 
muxpart__252: drone__GB1, 
case__227: drone__GB1, 
datapath__122: drone__GB0, 
muxpart__441: drone__GB2, 
logic__1260: drone__GB1, 
logic__359: drone__GB1, 
muxpart__336: drone__GB1, 
case__400: drone__GB1, 
logic__1516: drone__GB0, 
logic__2487: drone__GB0, 
logic__1938: drone__GB0, 
case__449: drone__GB1, 
muxpart__155: drone__GB1, 
datapath__111: drone__GB0, 
logic__2717: drone__GB0, 
logic__2101: drone__GB0, 
logic__2844: drone__GB2, 
case__664: drone__GB0, 
case__296: drone__GB1, 
logic__1886: drone__GB0, 
logic__207: drone__GB0, 
reg__107: drone__GB0, 
reg__108: drone__GB0, 
axi_protocol_converter_v2_1_17_b2s_r_channel: drone__GB0, 
case__333: drone__GB1, 
case__103: drone__GB1, 
logic__1108: drone__GB1, 
logic__1716: drone__GB0, 
reg__221: drone__GB0, 
muxpart__260: drone__GB1, 
case__336: drone__GB1, 
logic__1887: drone__GB0, 
muxpart__65: drone__GB1, 
case__601: drone__GB0, 
muxpart__358: drone__GB1, 
reg: drone__GB2, drone__GB0, 
datapath__90: drone__GB0, 
case__75: drone__GB0, 
muxpart__4: drone__GB2, 
logic__2570: drone__GB0, 
logic__1454: drone__GB1, 
logic__1326: drone__GB1, 
logic__670: drone__GB1, 
SWIPT_2020_v1_0: drone__GB2, 
muxpart__406: drone__GB1, 
case__460: drone__GB1, 
muxpart__31: drone__GB1, 
datapath__46: drone__GB0, 
counter__15: drone__GB0, 
logic__2420: drone__GB0, 
generic_baseblocks_v2_1_0_comparator_static__parameterized1: drone__GB0, 
logic__1041: drone__GB1, 
logic__2138: drone__GB0, 
logic__1998: drone__GB0, 
logic__47: drone__GB1, drone__GB0, 
muxpart__397: drone__GB1, 
logic__1808: drone__GB0, 
logic__2813: drone__GB0, 
logic__663: drone__GB1, 
case__114: drone__GB1, 
lpf: drone__GB2, 
logic__221: drone__GB0, 
logic__38: drone__GB1, drone__GB0, 
logic__370: drone__GB1, 
logic__2064: drone__GB0, 
datapath__12: drone__GB2, 
reg__32: drone__GB1, drone__GB0, 
reg__55: drone__GB2, 
case__185: drone__GB1, 
muxpart__72: drone__GB1, 
case__133: drone__GB1, 
logic__39: drone__GB1, drone__GB0, 
logic__354: drone__GB1, 
reg__18: drone__GB2, drone__GB0, 
case__372: drone__GB1, 
logic__1070: drone__GB1, 
datapath__150: drone__GB0, 
keep__39: drone__GB0, 
reg__164: drone__GB1, 
reg__231: drone__GB0, 
muxpart__422: drone__GB1, 
datapath__70: drone__GB0, 
reg__29: drone__GB1, drone__GB0, 
case__574: drone__GB0, 
logic__1679: drone__GB0, 
logic__965: drone__GB1, 
case__163: drone__GB1, 
case__560: drone__GB0, 
muxpart__34: drone__GB1, 
case__358: drone__GB1, 
datapath__155: drone__GB0, 
logic__514: drone__GB1, 
logic__2492: drone__GB0, 
logic__35: drone__GB1, drone__GB0, 
muxpart__328: drone__GB1, 
logic__2576: drone__GB0, 
reg__216: drone__GB0, 
generic_baseblocks_v2_1_0_comparator_static__parameterized0: drone__GB0, 
logic__1514: drone__GB0, 
case__85: drone__GB1, 
logic__446: drone__GB1, 
logic__2619: drone__GB0, 
logic__48: drone__GB1, drone__GB0, 
logic__1691: drone__GB0, 
muxpart__194: drone__GB1, 
logic__2459: drone__GB0, 
datapath__81: drone__GB0, 
logic__803: drone__GB1, 
case__320: drone__GB1, 
muxpart__345: drone__GB1, 
muxpart__231: drone__GB1, 
datapath__92: drone__GB0, 
logic__1369: drone__GB1, 
muxpart__211: drone__GB1, 
logic__830: drone__GB1, 
logic__1809: drone__GB0, 
reg__115: drone__GB0, 
case__145: drone__GB1, 
case__156: drone__GB1, 
reg__28: drone__GB1, drone__GB0, 
muxpart__1: drone__GB2, 
reg__171: drone__GB1, 
logic__1230: drone__GB1, 
muxpart__150: drone__GB1, 
muxpart__440: drone__GB2, 
logic__478: drone__GB1, 
logic__1383: drone__GB1, 
axi_lite_ipif: drone__GB0, 
logic__1030: drone__GB1, 
logic__765: drone__GB1, 
datapath__138: drone__GB0, 
case__50: drone__GB2, 
pselect_f__parameterized0: drone__GB0, 
case__513: drone__GB0, 
logic__2514: drone__GB0, 
case__15: drone__GB1, drone__GB0, 
reg__47: drone__GB2, 
logic__1482: drone__GB2, 
logic__1937: drone__GB0, 
logic__1566: drone__GB0, 
logic__1625: drone__GB0, 
keep__17: drone__GB0, 
addsub__8: drone__GB0, 
case__150: drone__GB1, 
reg__84: drone__GB0, 
muxpart__85: drone__GB1, 
logic__1519: drone__GB0, 
logic__1451: drone__GB1, 
logic__1574: drone__GB0, 
muxpart__184: drone__GB1, 
case__626: drone__GB0, 
case__615: drone__GB0, 
logic__2133: drone__GB0, 
PWM_measure: drone__GB1, drone__GB0, 
logic__982: drone__GB1, 
logic__2285: drone__GB0, 
logic__1168: drone__GB1, 
axi_register_slice_v2_1_17_axic_register_slice__parameterized6: drone__GB0, 
case__37: drone__GB2, 
signinv__10: drone__GB0, 
case__152: drone__GB1, 
logic__230: drone__GB0, 
case__221: drone__GB1, 
reg__33: drone__GB1, drone__GB0, 
case__349: drone__GB1, 
case__313: drone__GB1, 
logic__1125: drone__GB1, 
logic__2738: drone__GB0, 
case__410: drone__GB1, 
muxpart__43: drone__GB1, 
datapath__24: drone__GB2, 
case__90: drone__GB1, 
keep__2: drone__GB0, 
logic__414: drone__GB1, 
logic__773: drone__GB1, 
case__530: drone__GB0, 
reg__242: drone__GB0, 
logic__1001: drone__GB1, 
keep__10: drone__GB0, 
logic__1492: drone__GB2, 
logic__2260: drone__GB0, 
muxpart__71: drone__GB1, 
drone_PWM_AXI_triple_3_0: drone__GB2, 
m02_couplers_imp_CJLMS: drone__GB0, 
logic__2105: drone__GB0, 
muxpart__26: drone__GB1, 
muxpart__95: drone__GB1, 
reg__39: drone__GB1, drone__GB0, 
reg__288: drone__GB0, 
logic__1537: drone__GB0, 
logic__640: drone__GB1, 
logic__536: drone__GB1, 
logic__489: drone__GB1, 
signinv: drone__GB0, 
reg__305: drone__GB0, 
datapath__144: drone__GB0, 
logic__2718: drone__GB0, 
logic__742: drone__GB1, 
case__669: drone__GB0, 
axi_register_slice_v2_1_17_axic_register_slice__parameterized7: drone__GB0, 
case__324: drone__GB1, 
logic__1047: drone__GB1, 
logic__1428: drone__GB1, 
logic__2063: drone__GB0, 
logic__2620: drone__GB0, 
keep__31: drone__GB0, 
case__401: drone__GB1, 
logic__261: drone__GB0, 
case__614: drone__GB0, 
datapath__47: drone__GB0, 
datapath__136: drone__GB0, 
logic__557: drone__GB1, 
case__149: drone__GB1, 
datapath__18: drone__GB2, 
logic__914: drone__GB1, 
muxpart__267: drone__GB1, 
reg__22: drone__GB1, drone__GB0, 
logic__1222: drone__GB1, 
logic__2807: drone__GB0, 
logic__2569: drone__GB0, 
datapath__123: drone__GB0, 
PWM_AXI_v1_0_S00_AXI_triple: drone__GB2, drone__GB0, 
muxpart__405: drone__GB1, 
logic__1165: drone__GB1, 
muxpart__313: drone__GB1, 
logic__594: drone__GB1, 
logic__1398: drone__GB1, 
case__622: drone__GB0, 
logic__476: drone__GB1, 
logic__559: drone__GB1, 
case__511: drone__GB0, 
logic__2157: drone__GB0, 
logic__1501: drone__GB0, 
logic__2780: drone__GB0, 
logic__1435: drone__GB1, 
muxpart__315: drone__GB1, 
muxpart__147: drone__GB1, 
case__375: drone__GB1, 
logic__2573: drone__GB0, 
logic__2317: drone__GB0, 
logic__1177: drone__GB1, 
reg__104: drone__GB0, 
logic__621: drone__GB1, 
logic__1635: drone__GB0, 
case__633: drone__GB0, 
muxpart__395: drone__GB1, 
case__77: drone__GB0, 
reg__307: drone__GB0, 
logic__2546: drone__GB0, 
case__646: drone__GB0, 
logic__1587: drone__GB0, 
logic__2565: drone__GB0, 
case__427: drone__GB1, 
keep__30: drone__GB0, 
dsrl: drone__GB0, 
muxpart__110: drone__GB1, 
muxpart__182: drone__GB1, 
logic__106: drone__GB2, 
logic__2276: drone__GB0, 
reg__325: drone__GB2, 
logic__2151: drone__GB0, 
axi_protocol_converter_v2_1_17_b2s_ar_channel: drone__GB0, 
case__673: drone__GB0, 
reg__193: drone__GB1, 
logic__1674: drone__GB0, 
logic__1169: drone__GB1, 
logic__2494: drone__GB0, 
muxpart__266: drone__GB1, 
keep__40: drone__GB0, 
case__176: drone__GB1, 
case__677: drone__GB0, 
muxpart__172: drone__GB1, 
case__202: drone__GB1, 
logic__2145: drone__GB0, 
case__136: drone__GB1, 
muxpart__359: drone__GB1, 
axi_register_slice_v2_1_17_axic_register_slice__parameterized5: drone__GB0, 
logic__1320: drone__GB1, 
logic__1997: drone__GB0, 
case__142: drone__GB1, 
addsub__23: drone__GB0, 
logic__2518: drone__GB0, 
muxpart__366: drone__GB1, 
muxpart__171: drone__GB1, 
case__578: drone__GB0, 
logic__1981: drone__GB0, 
logic__1009: drone__GB1, 
logic__1644: drone__GB0, 
logic__1936: drone__GB0, 
logic__1489: drone__GB2, 
case__359: drone__GB1, 
reg__143: drone__GB1, 
drone_auto_pc_2: drone__GB0, 
case__355: drone__GB1, 
logic__1171: drone__GB1, 
muxpart__59: drone__GB1, 
muxpart__264: drone__GB1, 
logic__2062: drone__GB0, 
signinv__25: drone__GB0, 
logic__255: drone__GB0, 
logic__1461: drone__GB1, 
muxpart__426: drone__GB1, 
logic__1775: drone__GB0, 
addsub__21: drone__GB0, 
case__325: drone__GB1, 
case__29: drone__GB2, 
logic__1628: drone__GB0, 
logic__18: drone__GB2, drone__GB0, 
logic__1382: drone__GB1, 
datapath__140: drone__GB0, 
reg__194: drone__GB1, 
logic__1390: drone__GB1, 
case__399: drone__GB1, 
logic__1627: drone__GB0, 
logic__2882: drone__GB2, 
case__241: drone__GB1, 
logic__2571: drone__GB0, 
logic__435: drone__GB1, 
logic__828: drone__GB1, 
logic__685: drone__GB1, 
signinv__21: drone__GB0, 
case__38: drone__GB2, 
reg__86: drone__GB0, 
reg__119: drone__GB1, 
logic__1194: drone__GB1, 
logic__2178: drone__GB0, 
case__223: drone__GB1, 
case__386: drone__GB1, 
case__639: drone__GB0, 
muxpart__151: drone__GB1, 
reg__232: drone__GB0, 
logic__505: drone__GB1, 
case__608: drone__GB0, 
logic__2166: drone__GB0, 
reg__266: drone__GB0, 
logic__807: drone__GB1, 
muxpart__174: drone__GB1, 
muxpart__15: drone__GB1, 
datapath__98: drone__GB0, 
logic__346: drone__GB1, 
logic__1540: drone__GB0, 
logic__206: drone__GB0, 
logic__927: drone__GB1, 
axi_register_slice_v2_1_17_axic_register_slice__parameterized4: drone__GB0, 
logic__1270: drone__GB1, 
dsrl__1: drone__GB0, 
reg__3: drone__GB2, drone__GB0, 
axi_crossbar_v2_1_18_wdata_mux: drone__GB0, 
muxpart__73: drone__GB1, 
logic__214: drone__GB0, 
logic__1780: drone__GB0, 
datapath__51: drone__GB0, 
case__461: drone__GB1, 
logic__1172: drone__GB1, 
logic__1747: drone__GB0, 
datapath__158: drone__GB0, 
muxpart__45: drone__GB1, 
reg__60: drone__GB2, 
logic__2096: drone__GB0, 
case__332: drone__GB1, 
reg__101: drone__GB0, 
logic__1994: drone__GB0, 
muxpart__83: drone__GB1, 
muxpart__195: drone__GB1, 
case__45: drone__GB2, 
logic__1673: drone__GB0, 
keep__19: drone__GB0, 
logic__1776: drone__GB0, 
reg__97: drone__GB0, 
case__189: drone__GB1, 
muxpart__86: drone__GB1, 
datapath__91: drone__GB0, 
logic__2875: drone__GB2, 
case__307: drone__GB1, 
logic__548: drone__GB1, 
addsub__19: drone__GB0, 
logic__1933: drone__GB0, 
reg__320: drone__GB2, 
muxpart__438: drone__GB1, 
logic__2127: drone__GB0, 
datapath__100: drone__GB0, 
case__270: drone__GB1, 
case__12: drone__GB1, drone__GB0, 
case__154: drone__GB1, 
logic__822: drone__GB1, 
reg__247: drone__GB0, 
muxpart__134: drone__GB1, 
logic__1379: drone__GB1, 
muxpart__320: drone__GB1, 
case__233: drone__GB1, 
drone_PWM_AXI_triple_0_0: drone__GB2, 
logic__1339: drone__GB1, 
datapath__28: drone__GB0, 
case__512: drone__GB0, 
logic__2578: drone__GB0, 
logic__218: drone__GB0, 
muxpart__294: drone__GB1, 
logic__2561: drone__GB0, 
addsub__41: drone__GB0, 
case__528: drone__GB0, 
muxpart__228: drone__GB1, 
datapath__39: drone__GB1, 
logic__2610: drone__GB0, 
addsub__34: drone__GB0, 
logic__125: drone__GB2, 
case__409: drone__GB1, 
axi_gpio: drone__GB0, 
logic__1993: drone__GB0, 
case__169: drone__GB1, 
logic__916: drone__GB1, 
case__655: drone__GB0, 
datapath__44: drone__GB1, 
logic__975: drone__GB1, 
logic__2883: drone__GB2, 
logic__2637: drone__GB0, 
logic__366: drone__GB1, 
logic__2547: drone__GB0, 
logic__600: drone__GB1, 
case__300: drone__GB1, 
logic__1932: drone__GB0, 
axi_infrastructure_v1_1_0_axi2vector__parameterized0: drone__GB0, 
signinv__36: drone__GB0, 
logic__1918: drone__GB0, 
case__229: drone__GB1, 
datapath__43: drone__GB1, 
axi_register_slice_v2_1_17_axi_register_slice__parameterized0: drone__GB0, 
muxpart__355: drone__GB1, 
muxpart__51: drone__GB1, 
logic__1781: drone__GB0, 
logic__2504: drone__GB0, 
logic__1980: drone__GB0, 
datapath__147: drone__GB0, 
processing_system7_v5_5_processing_system7: drone__GB0, 
muxpart__154: drone__GB1, 
reg__201: drone__GB2, 
muxpart__13: drone__GB1, 
muxpart__305: drone__GB1, 
logic__1737: drone__GB0, 
case__286: drone__GB1, 
case__658: drone__GB0, 
case__420: drone__GB1, 
case__562: drone__GB0, 
logic__1425: drone__GB1, 
logic__2097: drone__GB0, 
datapath__110: drone__GB0, 
muxpart__130: drone__GB1, 
muxpart__372: drone__GB1, 
case__645: drone__GB0, 
case__628: drone__GB0, 
case__458: drone__GB1, 
case__58: drone__GB0, 
datapath__151: drone__GB0, 
muxpart__219: drone__GB1, 
keep__9: drone__GB0, 
logic__2539: drone__GB0, 
case__670: drone__GB0, 
logic__2324: drone__GB0, 
datapath__17: drone__GB2, 
muxpart__103: drone__GB1, 
muxpart__362: drone__GB1, 
cdc_sync__parameterized0: drone__GB0, 
addsub__13: drone__GB0, 
reg__123: drone__GB1, 
reg__303: drone__GB0, 
case__613: drone__GB0, 
case__94: drone__GB1, 
logic__1646: drone__GB0, 
logic__2868: drone__GB2, 
case__493: drone__GB0, 
datapath__82: drone__GB0, 
logic__1513: drone__GB0, 
axi_register_slice_v2_1_17_axi_register_slice: drone__GB0, 
case__671: drone__GB0, 
reg__196: drone__GB1, 
logic__2256: drone__GB0, 
logic__1055: drone__GB1, 
muxpart__360: drone__GB1, 
keep__43: drone__GB0, 
muxpart__200: drone__GB1, 
signinv__15: drone__GB0, 
logic__2408: drone__GB0, 
logic__2564: drone__GB0, 
signinv__43: drone__GB0, 
reg__30: drone__GB1, drone__GB0, 
logic__1358: drone__GB1, 
reg__282: drone__GB0, 
logic__2318: drone__GB0, 
muxpart__314: drone__GB1, 
axi_register_slice_v2_1_17_axic_register_slice__parameterized2: drone__GB0, 
muxpart__199: drone__GB1, 
muxpart__302: drone__GB1, 
logic__1777: drone__GB0, 
keep__48: drone__GB0, 
logic__1352: drone__GB1, 
logic__394: drone__GB1, 
case__203: drone__GB1, 
logic__2523: drone__GB0, 
logic__701: drone__GB1, 
case__120: drone__GB1, 
muxpart__135: drone__GB1, 
reg__153: drone__GB1, 
logic__279: drone__GB0, 
case__486: drone__GB0, 
datapath__37: drone__GB1, 
muxpart__423: drone__GB1, 
logic__1234: drone__GB1, 
muxpart__133: drone__GB1, 
muxpart__92: drone__GB1, 
reg__251: drone__GB0, 
counter__16: drone__GB0, 
datapath__124: drone__GB0, 
case__463: drone__GB1, 
logic__229: drone__GB0, 
logic__200: drone__GB0, 
muxpart__308: drone__GB1, 
logic__341: drone__GB1, 
muxpart__378: drone__GB1, 
logic__1782: drone__GB0, 
case__382: drone__GB1, 
logic__2525: drone__GB0, 
signinv__32: drone__GB0, 
case__467: drone__GB1, 
reg__105: drone__GB0, 
muxpart__282: drone__GB1, 
logic__105: drone__GB2, 
logic__1241: drone__GB1, 
logic__1131: drone__GB1, 
logic__375: drone__GB1, 
datapath__62: drone__GB0, 
muxpart__192: drone__GB1, 
muxpart__291: drone__GB1, 
reg__79: drone__GB0, 
muxpart__101: drone__GB1, 
logic__1146: drone__GB1, 
logic__2346: drone__GB0, 
reg__174: drone__GB1, 
case__684: drone__GB0, 
case__396: drone__GB1, 
logic__1448: drone__GB1, 
muxpart__416: drone__GB1, 
case__351: drone__GB1, 
logic__2700: drone__GB0, 
datapath__8: drone__GB2, 
logic__448: drone__GB1, 
logic__2493: drone__GB0, 
logic__2648: drone__GB0, 
logic__2146: drone__GB0, 
reg__230: drone__GB0, 
case__117: drone__GB1, 
case__158: drone__GB1, 
datapath__64: drone__GB0, 
counter__5: drone__GB2, 
datapath__61: drone__GB0, 
datapath__94: drone__GB0, 
axi_register_slice_v2_1_17_axic_register_slice__parameterized1: drone__GB0, 
case__76: drone__GB0, 
logic__866: drone__GB1, 
muxpart__159: drone__GB1, 
muxpart__334: drone__GB1, 
logic__1520: drone__GB0, 
case__602: drone__GB0, 
case__408: drone__GB1, 
addsub__25: drone__GB0, 
logic__124: drone__GB2, 
case__310: drone__GB1, 
logic__1979: drone__GB0, 
logic__628: drone__GB1, 
logic__1502: drone__GB0, 
case__284: drone__GB1, 
reg__38: drone__GB1, drone__GB0, 
logic__1790: drone__GB0, 
case__537: drone__GB0, 
case__298: drone__GB1, 
logic__2440: drone__GB0, 
datapath__14: drone__GB2, 
muxpart__390: drone__GB1, 
addsub__30: drone__GB0, 
logic__818: drone__GB1, 
reg__157: drone__GB1, 
muxpart__153: drone__GB1, 
muxpart__361: drone__GB1, 
logic__1778: drone__GB0, 
logic__1638: drone__GB0, 
case__97: drone__GB1, 
case__164: drone__GB1, 
signinv__27: drone__GB0, 
logic__1594: drone__GB0, 
reg__208: drone__GB0, 
reg__214: drone__GB0, 
muxpart__229: drone__GB1, 
logic__1117: drone__GB1, 
logic__856: drone__GB1, 
reg__71: drone__GB2, 
logic__1413: drone__GB1, 
muxpart__208: drone__GB1, 
reg__276: drone__GB0, 
case__305: drone__GB1, 
reg__165: drone__GB1, 
muxpart__370: drone__GB1, 
case__239: drone__GB1, 
logic__1783: drone__GB0, 
datapath__108: drone__GB0, 
case__610: drone__GB0, 
muxpart__432: drone__GB1, 
logic__2154: drone__GB0, 
logic__2206: drone__GB0, 
muxpart__327: drone__GB1, 
case__65: drone__GB0, 
case__607: drone__GB0, 
logic__1742: drone__GB0, 
logic__2537: drone__GB0, 
logic__2629: drone__GB0, 
reg__209: drone__GB0, 
keep__33: drone__GB0, 
case__620: drone__GB0, 
reg__286: drone__GB0, 
logic__2301: drone__GB0, 
reg__19: drone__GB2, drone__GB0, 
logic__510: drone__GB1, 
logic__2639: drone__GB0, 
reg__300: drone__GB0, 
logic__430: drone__GB1, 
case__616: drone__GB0, 
logic__1337: drone__GB1, 
logic__6: drone__GB2, drone__GB0, 
logic__1759: drone__GB0, 
logic__1917: drone__GB0, 
reg__210: drone__GB0, 
axi_protocol_converter_v2_1_17_b2s_cmd_translator: drone__GB0, 
muxpart__301: drone__GB1, 
logic__154: drone__GB2, 
logic__2152: drone__GB0, 
logic__1517: drone__GB0, 
logic__2353: drone__GB0, 
signinv__18: drone__GB0, 
case__17: drone__GB1, drone__GB0, 
logic__1791: drone__GB0, 
case__523: drone__GB0, 
case__166: drone__GB1, 
case__440: drone__GB1, 
reg__297: drone__GB0, 
case__675: drone__GB0, 
reg__128: drone__GB1, 
case__503: drone__GB0, 
logic__1976: drone__GB0, 
case__11: drone__GB1, drone__GB0, 
reg__145: drone__GB1, 
case__510: drone__GB0, 
logic__872: drone__GB1, 
logic__538: drone__GB1, 
logic__1935: drone__GB0, 
case__266: drone__GB1, 
logic__109: drone__GB2, 
logic__2755: drone__GB0, 
muxpart__210: drone__GB1, 
reg__245: drone__GB0, 
muxpart__338: drone__GB1, 
muxpart__326: drone__GB1, 
logic__1779: drone__GB0, 
muxpart__250: drone__GB1, 
logic__714: drone__GB1, 
case__572: drone__GB0, 
reg__256: drone__GB0, 
reg__80: drone__GB0, 
logic__1632: drone__GB0, 
axi_register_slice_v2_1_17_axi_register_slice__parameterized1: drone__GB0, 
logic__1736: drone__GB0, 
logic__469: drone__GB1, 
logic__1348: drone__GB1, 
logic__1784: drone__GB0, 
logic__382: drone__GB1, 
logic__2409: drone__GB0, 
logic__460: drone__GB1, 
reg__204: drone__GB2, 
reg__233: drone__GB0, 
addsub__16: drone__GB0, 
muxpart__352: drone__GB1, 
signinv__13: drone__GB0, 
axi_register_slice_v2_1_17_axic_register_slice__parameterized0: drone__GB0, 
muxpart__434: drone__GB1, 
datapath__157: drone__GB0, 
logic__291: drone__GB0, 
muxpart__257: drone__GB1, 
muxpart__256: drone__GB1, 
datapath__159: drone__GB0, 
case__480: drone__GB0, 
reg__225: drone__GB0, 
logic__1978: drone__GB0, 
logic__2560: drone__GB0, 
logic__2563: drone__GB0, 
case__110: drone__GB1, 
logic__2153: drone__GB0, 
muxpart__411: drone__GB1, 
muxpart__215: drone__GB1, 
datapath__99: drone__GB0, 
case__212: drone__GB1, 
muxpart__230: drone__GB1, 
case__338: drone__GB1, 
reg__78: drone__GB0, 
datapath__117: drone__GB0, 
reg__99: drone__GB0, 
logic__1215: drone__GB1, 
reg__293: drone__GB0, 
case__228: drone__GB1, 
logic__1858: drone__GB0, 
logic__1496: drone__GB2, 
keep__11: drone__GB0, 
muxpart__77: drone__GB1, 
reg__130: drone__GB1, 
logic__2139: drone__GB0, 
EAGLE_interface_CONTROL: drone__GB1, 
muxpart__191: drone__GB1, 
muxpart__404: drone__GB1, 
case__470: drone__GB1, 
case__106: drone__GB1, 
muxpart__29: drone__GB1, 
case__198: drone__GB1, 
muxpart__10: drone__GB1, 
logic__1973: drone__GB0, 
reg__76: drone__GB2, 
case__405: drone__GB1, 
muxpart__111: drone__GB1, 
reg__121: drone__GB1, 
logic__2538: drone__GB0, 
addsub__11: drone__GB0, 
logic__1916: drone__GB0, 
case__479: drone__GB0, 
case__236: drone__GB1, 
counter__11: drone__GB2, 
reg__317: drone__GB2, 
logic__1710: drone__GB0, 
logic__1138: drone__GB1, 
logic__1792: drone__GB0, 
case__274: drone__GB1, 
case__197: drone__GB1, 
axi_register_slice_v2_1_17_axic_register_slice__parameterized10: drone__GB0, 
logic__480: drone__GB1, 
logic__879: drone__GB1, 
datapath__125: drone__GB0, 
muxpart__67: drone__GB1, 
muxpart__420: drone__GB1, 
case__483: drone__GB0, 
logic__1972: drone__GB0, 
case__258: drone__GB1, 
logic__2574: drone__GB0, 
logic__973: drone__GB1, 
logic__1800: drone__GB0, 
muxpart__76: drone__GB1, 
logic__37: drone__GB1, drone__GB0, 
logic__1659: drone__GB0, 
muxpart__196: drone__GB1, 
datapath__167: drone__GB0, 
case__632: drone__GB0, 
case__242: drone__GB1, 
reg__197: drone__GB1, 
case__492: drone__GB0, 
logic__1857: drone__GB0, 
logic__1975: drone__GB0, 
logic__2507: drone__GB0, 
logic__2580: drone__GB0, 
reg__326: drone__GB2, 
muxpart__35: drone__GB1, 
logic__1562: drone__GB0, 
case__98: drone__GB1, 
logic__2579: drone__GB0, 
datapath__101: drone__GB0, 
reg__187: drone__GB1, 
muxpart__201: drone__GB1, 
muxpart__431: drone__GB1, 
logic__1661: drone__GB0, 
logic__1410: drone__GB1, 
logic__1735: drone__GB0, 
logic__2240: drone__GB0, 
muxpart__203: drone__GB1, 
m03_couplers_imp_1F9725O: drone__GB0, 
logic__638: drone__GB1, 
muxpart__81: drone__GB1, 
reg__328: drone__GB2, 
reg__175: drone__GB1, 
muxpart__97: drone__GB1, 
logic__780: drone__GB1, 
muxpart__132: drone__GB1, 
logic__878: drone__GB1, 
axi_register_slice_v2_1_17_axic_register_slice__parameterized9: drone__GB0, 
muxpart__443: drone__GB0, 
case__237: drone__GB1, 
axi_infrastructure_v1_1_0_vector2axi: drone__GB0, 
case__78: drone__GB0, 
logic__815: drone__GB1, 
logic__1702: drone__GB0, 
logic__152: drone__GB2, 
reg__178: drone__GB1, 
case__144: drone__GB1, 
muxpart__146: drone__GB1, 
muxpart__57: drone__GB1, 
case__174: drone__GB1, 
logic__1974: drone__GB0, 
case__472: drone__GB1, 
case__365: drone__GB1, 
muxpart__11: drone__GB1, 
logic__111: drone__GB2, 
logic__929: drone__GB1, 
datapath__83: drone__GB0, 
muxpart__117: drone__GB1, 
logic__678: drone__GB1, 
logic__1671: drone__GB0, 
muxpart__169: drone__GB1, 
logic__1314: drone__GB1, 
reg__306: drone__GB0, 
logic__1801: drone__GB0, 
logic__2572: drone__GB0, 
logic__1445: drone__GB1, 
muxpart__403: drone__GB1, 
logic__496: drone__GB1, 
logic__1420: drone__GB1, 
logic__2179: drone__GB0, 
logic__979: drone__GB1, 
muxpart__433: drone__GB1, 
muxpart__233: drone__GB1, 
RC_v1_0: drone__GB1, drone__GB0, 
logic__2451: drone__GB0, 
logic__368: drone__GB1, 
drone_auto_pc_6: drone__GB0, 
case__533: drone__GB0, 
logic__132: drone__GB2, 
case__104: drone__GB1, 
logic__2354: drone__GB0, 
datapath__175: drone__GB0, 
muxpart__126: drone__GB1, 
logic__1112: drone__GB1, 
muxpart__292: drone__GB1, 
case__611: drone__GB0, 
case__337: drone__GB1, 
case__520: drone__GB0, 
reg__212: drone__GB0, 
case__477: drone__GB0, 
case__478: drone__GB0, 
logic__36: drone__GB1, drone__GB0, 
logic__1688: drone__GB0, 
reg__35: drone__GB1, drone__GB0, 
logic__487: drone__GB1, 
logic__720: drone__GB1, 
logic__706: drone__GB1, 
reg__236: drone__GB0, 
logic__1915: drone__GB0, 
logic__1066: drone__GB1, 
cdc_sync__parameterized1: drone__GB2, 
reg__154: drone__GB1, 
muxpart__248: drone__GB1, 
logic__1170: drone__GB1, 
muxpart__425: drone__GB1, 
axi_protocol_converter_v2_1_17_b2s_rd_cmd_fsm: drone__GB0, 
logic__2165: drone__GB0, 
case__465: drone__GB1, 
case__434: drone__GB1, 
logic__2099: drone__GB0, 
datapath__93: drone__GB0, 
muxpart__164: drone__GB1, 
address_decoder: drone__GB0, 
datapath__9: drone__GB2, 
logic__2495: drone__GB0, 
logic__2638: drone__GB0, 
case__131: drone__GB1, 
logic__2111: drone__GB0, 
datapath__71: drone__GB0, 
case__426: drone__GB1, 
reg__295: drone__GB0, 
muxpart__271: drone__GB1, 
datapath__19: drone__GB2, 
axi_crossbar_v2_1_18_splitter: drone__GB0, 
logic__739: drone__GB1, 
datapath__32: drone__GB1, 
logic__2540: drone__GB0, 
logic__1157: drone__GB1, 
reg__246: drone__GB0, 
case__173: drone__GB1, 
reg__189: drone__GB1, 
logic__2473: drone__GB0, 
logic__948: drone__GB1, 
case__56: drone__GB0, 
muxpart__44: drone__GB1, 
logic__2477: drone__GB0, 
case__318: drone__GB1, 
muxpart__209: drone__GB1, 
muxpart__417: drone__GB1, 
logic__1526: drone__GB0, 
logic__887: drone__GB1, 
keep__41: drone__GB0, 
logic__1845: drone__GB0, 
logic__1802: drone__GB0, 
logic__2782: drone__GB0, 
reg__135: drone__GB1, 
reg__85: drone__GB0, 
logic__2325: drone__GB0, 
reg__265: drone__GB0, 
reg__206: drone__GB2, 
datapath__49: drone__GB0, 
case__44: drone__GB2, 
logic__284: drone__GB0, 
logic__2374: drone__GB0, 
logic__1770: drone__GB0, 
logic__409: drone__GB1, 
logic__400: drone__GB1, 
reg__277: drone__GB0, 
logic__1728: drone__GB0, 
case__57: drone__GB0, 
logic__391: drone__GB1, 
datapath__55: drone__GB0, 
reg__9: drone__GB2, drone__GB0, 
case__373: drone__GB1, 
datapath__114: drone__GB0, 
logic__1442: drone__GB1, 
logic__482: drone__GB1, 
case__344: drone__GB1, 
muxpart__28: drone__GB1, 
datapath__152: drone__GB0, 
logic__1871: drone__GB0, 
logic__213: drone__GB0, 
logic__1476: drone__GB1, 
logic__1599: drone__GB0, 
muxpart__392: drone__GB1, 
reg__114: drone__GB0, 
logic__2783: drone__GB0, 
logic__1356: drone__GB1, 
logic__1486: drone__GB2, 
muxpart__3: drone__GB2, 
case__403: drone__GB1, 
case__392: drone__GB1, 
logic__1249: drone__GB1, 
logic__1912: drone__GB0, 
axi_protocol_converter_v2_1_17_b2s_simple_fifo__parameterized2: drone__GB0, 
logic__2708: drone__GB0, 
datapath__35: drone__GB1, 
logic__777: drone__GB1, 
logic__1087: drone__GB1, 
addsub__17: drone__GB0, 
muxpart__239: drone__GB1, 
logic__1200: drone__GB1, 
muxpart__204: drone__GB1, 
reg__127: drone__GB1, 
logic__788: drone__GB1, 
muxpart__74: drone__GB1, 
logic__1264: drone__GB1, 
logic__560: drone__GB1, 
reg__316: drone__GB2, 
case__416: drone__GB1, 
case__451: drone__GB1, 
signinv__19: drone__GB0, 
crypto2020_hash_ip_v1_v1_0_S00_AXI: drone__GB1, 
case__134: drone__GB1, 
axi_protocol_converter_v2_1_17_b2s_simple_fifo__parameterized0: drone__GB0, 
logic__1664: drone__GB0, 
datapath__75: drone__GB0, 
logic__1934: drone__GB0, 
axi_data_fifo_v2_1_16_axic_srl_fifo: drone__GB0, 
logic__1515: drone__GB0, 
reg__74: drone__GB2, 
logic__1060: drone__GB1, 
logic__2531: drone__GB0, 
reg__318: drone__GB2, 
logic__1911: drone__GB0, 
muxpart__158: drone__GB1, 
logic__1600: drone__GB0, 
muxpart__7: drone__GB2, 
keep__18: drone__GB0, 
reg__207: drone__GB0, 
axi_data_fifo_v2_1_16_ndeep_srl: drone__GB0, 
logic__1771: drone__GB0, 
logic__492: drone__GB1, 
reg__122: drone__GB1, 
logic__1803: drone__GB0, 
reg__147: drone__GB1, 
logic__1751: drone__GB0, 
muxpart__156: drone__GB1, 
reg__185: drone__GB1, 
logic__1224: drone__GB1, 
logic__2061: drone__GB0, 
logic__257: drone__GB0, 
logic__1032: drone__GB1, 
slave_attachment: drone__GB0, 
logic__2340: drone__GB0, 
logic__2838: drone__GB2, 
axi_crossbar_v2_1_18_wdata_mux__parameterized0: drone__GB0, 
muxpart__54: drone__GB1, 
case__468: drone__GB1, 
reg__190: drone__GB1, 
case__207: drone__GB1, 
logic__986: drone__GB1, 
logic__2541: drone__GB0, 
muxpart__329: drone__GB1, 
reg__63: drone__GB2, 
reg__137: drone__GB1, 
logic__104: drone__GB2, 
axi_protocol_converter_v2_1_17_b2s_simple_fifo__parameterized1: drone__GB0, 
logic__1529: drone__GB0, 
logic__485: drone__GB1, 
datapath__126: drone__GB0, 
axi_crossbar_v2_1_18_si_transactor__parameterized0: drone__GB0, 
logic__1872: drone__GB0, 
logic__1289: drone__GB1, 
logic__1846: drone__GB0, 
muxpart__165: drone__GB1, 
logic__2355: drone__GB0, 
logic__11: drone__GB2, drone__GB0, 
logic__273: drone__GB0, 
logic__1672: drone__GB0, 
logic__899: drone__GB1, 
case__527: drone__GB0, 
muxpart__79: drone__GB1, 
logic__2845: drone__GB2, 
reg__75: drone__GB2, 
reg__81: drone__GB0, 
keep__1: drone__GB0, 
logic__112: drone__GB2, 
logic__2798: drone__GB0, 
case__183: drone__GB1, 
logic__223: drone__GB0, 
logic__529: drone__GB1, 
datapath__135: drone__GB0, 
TDP_bram: drone__GB1, 
logic__1810: drone__GB0, 
reg__284: drone__GB0, 
case__175: drone__GB1, 
muxpart__197: drone__GB1, 
logic__908: drone__GB1, 
case__447: drone__GB1, 
logic__2192: drone__GB0, 
case__450: drone__GB1, 
logic__1419: drone__GB1, 
muxpart__375: drone__GB1, 
case__629: drone__GB0, 
reg__239: drone__GB0, 
logic__2522: drone__GB0, 
logic__1077: drone__GB1, 
muxpart__323: drone__GB1, 
logic__159: drone__GB2, 
datapath__1: drone__GB2, drone__GB0, 
logic__146: drone__GB2, 
logic__1931: drone__GB0, 
muxpart__389: drone__GB1, 
muxpart__306: drone__GB1, 
muxpart__47: drone__GB1, 
muxpart__112: drone__GB1, 
keep__23: drone__GB0, 
logic__335: drone__GB1, 
muxpart__152: drone__GB1, 
logic__676: drone__GB1, 
logic__1772: drone__GB0, 
muxpart__242: drone__GB1, 
logic__1804: drone__GB0, 
reg__248: drone__GB0, 
reg__110: drone__GB0, 
logic__1350: drone__GB1, 
muxpart__50: drone__GB1, 
logic__2326: drone__GB0, 
keep__51: drone__GB0, 
case__524: drone__GB0, 
reg__27: drone__GB1, drone__GB0, 
logic__2082: drone__GB0, 
case__34: drone__GB2, 
logic__2268: drone__GB0, 
logic__1243: drone__GB1, 
case__504: drone__GB0, 
reg__91: drone__GB0, 
logic__2125: drone__GB0, 
case__642: drone__GB0, 
case__24: drone__GB2, 
reg__195: drone__GB1, 
reg__163: drone__GB1, 
muxpart__265: drone__GB1, 
case__459: drone__GB1, 
case__455: drone__GB1, 
muxpart__376: drone__GB1, 
reg__70: drone__GB2, 
logic__1176: drone__GB1, 
datapath__25: drone__GB2, 
logic__2000: drone__GB0, 
datapath__148: drone__GB0, 
logic__1811: drone__GB0, 
case__406: drone__GB1, 
datapath__7: drone__GB2, 
logic__2147: drone__GB0, 
muxpart__386: drone__GB1, 
addsub__42: drone__GB0, 
case__617: drone__GB0, 
case__343: drone__GB1, 
reg__215: drone__GB0, 
case__383: drone__GB1, 
muxpart__348: drone__GB1, 
logic__868: drone__GB1, 
logic__1471: drone__GB1, 
muxpart__206: drone__GB1, 
logic__1763: drone__GB0, 
logic__494: drone__GB1, 
m04_couplers_imp_9WWXBQ: drone__GB0, 
case__540: drone__GB0, 
case__624: drone__GB0, 
case__314: drone__GB1, 
logic__727: drone__GB1, 
logic__2693: drone__GB0, 
reg__139: drone__GB1, 
logic__1262: drone__GB1, 
logic__1847: drone__GB0, 
logic__358: drone__GB1, 
case__362: drone__GB1, 
logic__1930: drone__GB0, 
logic__280: drone__GB0, 
reg__66: drone__GB2, 
logic__2319: drone__GB0, 
keep__50: drone__GB0, 
muxpart__36: drone__GB1, 
case__507: drone__GB0, 
reg__186: drone__GB1, 
case__73: drone__GB0, 
logic__1873: drone__GB0, 
reg__44: drone__GB1, drone__GB0, 
logic__2584: drone__GB0, 
axi_protocol_converter_v2_1_17_b2s_simple_fifo: drone__GB0, 
reg__158: drone__GB1, 
drone_auto_pc_4: drone__GB0, 
case__230: drone__GB1, 
logic__1321: drone__GB1, 
logic__2535: drone__GB0, 
logic__2180: drone__GB0, 
case__46: drone__GB2, 
drone_RC_1_0: drone__GB1, 
datapath__164: drone__GB0, 
muxpart__163: drone__GB1, 
muxpart__5: drone__GB2, 
logic__1039: drone__GB1, 
logic__853: drone__GB1, 
logic__820: drone__GB1, 
reg__93: drone__GB0, 
case__484: drone__GB0, 
logic__1773: drone__GB0, 
case__668: drone__GB0, 
datapath__132: drone__GB0, 
case__508: drone__GB0, 
muxpart__346: drone__GB1, 
muxpart__46: drone__GB1, 
reg__113: drone__GB0, 
logic__1503: drone__GB0, 
muxpart__428: drone__GB1, 
case__576: drone__GB0, 
logic__2023: drone__GB0, 
logic__1626: drone__GB0, 
logic__1914: drone__GB0, 
KeccakF400Permutation: drone__GB1, 
logic__2720: drone__GB0, 
logic__2079: drone__GB0, 
reg__180: drone__GB1, 
muxpart__387: drone__GB1, 
case__108: drone__GB1, 
logic__1683: drone__GB0, 
muxpart__141: drone__GB1, 
logic__1341: drone__GB1, 
muxpart__223: drone__GB1, 
case__214: drone__GB1, 
logic__2568: drone__GB0, 
case__194: drone__GB1, 
datapath__84: drone__GB0, 
case__462: drone__GB1, 
logic__925: drone__GB1, 
muxpart__227: drone__GB1, 
keep__45: drone__GB0, 
logic__2709: drone__GB0, 
logic__1608: drone__GB0, 
case__425: drone__GB1, 
muxpart__217: drone__GB1, 
drone_auto_pc_0: drone__GB0, 
muxpart__87: drone__GB1, 
logic__1812: drone__GB0, 
muxpart__318: drone__GB1, 
case__649: drone__GB0, 
logic__2432: drone__GB0, 
muxpart__40: drone__GB1, 
case__448: drone__GB1, 
logic__2078: drone__GB0, 
logic__782: drone__GB1, 
drone_xadc_wiz_0_0: drone__GB2, 
logic__533: drone__GB1, 
drone__GB2: drone__GB2, 
case__485: drone__GB0, 
drone_auto_pc_5: drone__GB0, 
case__536: drone__GB0, 
muxpart__224: drone__GB1, 
reg__203: drone__GB2, 
muxpart__113: drone__GB1, 
logic__922: drone__GB1, 
reg__57: drone__GB2, 
logic__2756: drone__GB0, 
logic__1245: drone__GB1, 
reg__238: drone__GB0, 
datapath__50: drone__GB0, 
logic__937: drone__GB1, 
logic__2699: drone__GB0, 
case: drone__GB2, drone__GB0, 
muxpart__96: drone__GB1, 
muxpart__90: drone__GB1, 
reg__264: drone__GB0, 
case__581: drone__GB0, 
case__18: drone__GB2, 
logic__1725: drone__GB0, 
logic__3: drone__GB2, drone__GB0, 
case__389: drone__GB1, 
datapath__133: drone__GB0, 
logic__243: drone__GB0, 
case__368: drone__GB1, 
drone_auto_pc_1: drone__GB0, 
logic__1774: drone__GB0, 
logic__338: drone__GB1, 
datapath__74: drone__GB0, 
logic__2636: drone__GB0, 
logic__1389: drone__GB1, 
logic__1367: drone__GB1, 
case__407: drone__GB1, 
reg__261: drone__GB0, 
logic__1532: drone__GB0, 
case__1: drone__GB2, drone__GB0, 
logic__2801: drone__GB0, 
reg__54: drone__GB2, 
case__143: drone__GB1, 
logic__871: drone__GB1, 
muxpart__23: drone__GB1, 
case__224: drone__GB1, 
logic__1999: drone__GB0, 
logic__2567: drone__GB0, 
logic__1144: drone__GB1, 
case__2: drone__GB2, drone__GB0, 
logic__2148: drone__GB0, 
muxpart__52: drone__GB1, 
case__398: drone__GB1, 
logic__1458: drone__GB1, 
muxpart__259: drone__GB1, 
logic__573: drone__GB1, 
case__521: drone__GB0, 
case__6: drone__GB2, drone__GB0, 
RC_v1_0_S00_AXI: drone__GB1, drone__GB0, 
case__16: drone__GB1, drone__GB0, 
case__432: drone__GB1, 
logic__1874: drone__GB0, 
muxpart__24: drone__GB1, 
logic__1813: drone__GB0, 
case__346: drone__GB1, 
muxpart__275: drone__GB1, 
case__200: drone__GB1, 
logic__1460: drone__GB1, 
datapath__174: drone__GB0, 
logic__353: drone__GB1, 
logic__1074: drone__GB1, 
logic__1478: drone__GB1, 
case__231: drone__GB1, 
case__259: drone__GB1, 
logic__2060: drone__GB0, 
case__265: drone__GB1, 
case__534: drone__GB0, 
logic__754: drone__GB1, 
reg__240: drone__GB0, 
case__498: drone__GB0, 
case__496: drone__GB0, 
case__280: drone__GB1, 
logic__2171: drone__GB0, 
case__13: drone__GB1, drone__GB0, 
muxpart__396: drone__GB1, 
logic__2320: drone__GB0, 
logic__2080: drone__GB0, 
s00_couplers_imp_1YY2XJ2: drone__GB0, 
logic__611: drone__GB1, 
muxpart__119: drone__GB1, 
datapath__127: drone__GB0, 
reg__142: drone__GB1, 
logic__834: drone__GB1, 
reg__188: drone__GB1, 
muxpart__55: drone__GB1, 
case__356: drone__GB1, 
axi_infrastructure_v1_1_0_vector2axi__parameterized0: drone__GB0, 
case__272: drone__GB1, 
logic__2792: drone__GB0, 
case__279: drone__GB1, 
axi_register_slice_v2_1_17_axic_register_slice__parameterized3: drone__GB0, 
axi_infrastructure_v1_1_0_axi2vector: drone__GB0, 
case__682: drone__GB0, 
muxpart__222: drone__GB1, 
logic__434: drone__GB1, 
reg__6: drone__GB2, drone__GB0, 
drone_rst_processing_system7_0_100M_0: drone__GB2, 
logic__1302: drone__GB1, 
logic__1317: drone__GB1, 
case__68: drone__GB0, 
logic__407: drone__GB1, 
dsrl__2: drone__GB0, 
muxpart__216: drone__GB1, 
logic__2022: drone__GB0, 
reg__53: drone__GB2, 
logic__428: drone__GB1, 
logic__2630: drone__GB0, 
case__672: drone__GB0, 
muxpart__91: drone__GB1, 
datapath__27: drone__GB2, 
case__371: drone__GB1, 
logic__416: drone__GB1, 
case__422: drone__GB1, 
case__204: drone__GB1, 
axi_protocol_converter_v2_1_17_b2s_incr_cmd: drone__GB0, 
addsub__12: drone__GB0, 
logic__1996: drone__GB0, 
logic__708: drone__GB1, 
logic__158: drone__GB2, 
muxpart__21: drone__GB1, 
logic__2158: drone__GB0, 
signinv__44: drone__GB0, 
reg__224: drone__GB0, 
logic__2424: drone__GB0, 
logic__2530: drone__GB0, 
case__302: drone__GB1, 
logic__46: drone__GB1, drone__GB0, 
muxpart__331: drone__GB1, 
logic__2621: drone__GB0, 
logic__2241: drone__GB0, 
logic__811: drone__GB1, 
counter__2: drone__GB1, drone__GB0, 
muxpart__69: drone__GB1, 
logic__1831: drone__GB0, 
reg__211: drone__GB0, 
signinv__14: drone__GB0, 
logic__512: drone__GB1, 
logic__1814: drone__GB0, 
reg__131: drone__GB1, 
logic__1475: drone__GB1, 
logic__2536: drone__GB0, 
reg__160: drone__GB1, 
logic__1142: drone__GB1, 
logic__350: drone__GB1, 
logic__647: drone__GB1, 
logic__166: drone__GB2, 
logic__984: drone__GB1, 
reg__159: drone__GB1, 
logic__2057: drone__GB0, 
muxpart__214: drone__GB1, 
keep__29: drone__GB0, 
logic__1253: drone__GB1, 
reg__1: drone__GB2, drone__GB0, 
logic__1995: drone__GB0, 
drone_auto_pc_9: drone__GB0, 
signinv__40: drone__GB0, 
logic__457: drone__GB1, 
reg__120: drone__GB1, 
logic__860: drone__GB1, 
logic__971: drone__GB1, 
datapath__4: drone__GB2, 
logic__1213: drone__GB1, 
logic__2077: drone__GB0, 
logic__2763: drone__GB0, 
case__192: drone__GB1, 
keep__20: drone__GB0, 
muxpart__176: drone__GB1, 
logic__1829: drone__GB0, 
case__118: drone__GB1, 
case__471: drone__GB1, 
case__532: drone__GB0, 
muxpart__149: drone__GB1, 
case__113: drone__GB1, 
logic__241: drone__GB0, 
logic__2488: drone__GB0, 
logic__110: drone__GB2, 
logic__2118: drone__GB0, 
logic__1360: drone__GB1, 
axi_register_slice_v2_1_17_axic_register_slice__parameterized8: drone__GB0, 
case__444: drone__GB1, 
keep__27: drone__GB0, 
logic__2081: drone__GB0, 
logic__222: drone__GB0, 
logic__1300: drone__GB1, 
logic__2056: drone__GB0, 
logic__2481: drone__GB0, 
logic__2328: drone__GB0, 
logic__2341: drone__GB0, 
logic__508: drone__GB1, 
case__74: drone__GB0, 
drone_auto_pc_7: drone__GB0, 
logic__503: drone__GB1, 
case__525: drone__GB0, 
logic__2076: drone__GB0, 
logic__412: drone__GB1, 
case__561: drone__GB0, 
case__681: drone__GB0, 
datapath__109: drone__GB0, 
logic__2816: drone__GB0, 
logic__1188: drone__GB1, 
case__222: drone__GB1, 
logic__735: drone__GB1, 
reg__255: drone__GB0, 
reg__58: drone__GB2, 
logic__2299: drone__GB0, 
datapath__142: drone__GB0, 
muxpart__75: drone__GB1, 
case__205: drone__GB1, 
logic__636: drone__GB1, 
logic__1913: drone__GB0, 
case__522: drone__GB0, 
logic__903: drone__GB1, 
logic__2684: drone__GB0, 
muxpart__381: drone__GB1, 
logic__458: drone__GB1, 
logic__1681: drone__GB0, 
logic__194: drone__GB0, 
case__159: drone__GB1, 
reg__15: drone__GB2, drone__GB0, 
reg__244: drone__GB0, 
reg__59: drone__GB2, 
reg__310: drone__GB0, 
m00_couplers_imp_1B3V6J9: drone__GB0, 
logic__666: drone__GB1, 
logic__910: drone__GB1, 
reg__88: drone__GB0, 
case__125: drone__GB1, 
muxpart__27: drone__GB1, 
case__600: drone__GB0, 
reg__132: drone__GB1, 
muxpart__399: drone__GB1, 
case__64: drone__GB0, 
logic__2160: drone__GB0, 
case__92: drone__GB1, 
drone_auto_pc_8: drone__GB0, 
case__391: drone__GB1, 
case__3: drone__GB2, drone__GB0, 
muxpart__332: drone__GB1, 
datapath__134: drone__GB0, 
logic__2313: drone__GB0, 
datapath__6: drone__GB2, 
case__322: drone__GB1, 
reg__151: drone__GB1, 
muxpart__286: drone__GB1, 
muxpart__37: drone__GB1, 
logic__455: drone__GB1, 
muxpart__38: drone__GB1, 
case__334: drone__GB1, 
reg__235: drone__GB0, 
muxpart__394: drone__GB1, 
datapath__48: drone__GB0, 
case__51: drone__GB2, 
logic__1467: drone__GB1, 
muxpart__243: drone__GB1, 
logic__151: drone__GB2, 
logic__1437: drone__GB1, 
logic__2327: drone__GB0, 
logic__644: drone__GB1, 
muxpart__249: drone__GB1, 
case__323: drone__GB1, 
case__23: drone__GB2, 
keep__24: drone__GB0, 
case__652: drone__GB0, 
case__476: drone__GB0, 
logic__784: drone__GB1, 
counter__9: drone__GB2, 
logic__1453: drone__GB1, 
case__263: drone__GB1, 
muxpart__263: drone__GB1, 
logic__9: drone__GB2, drone__GB0, 
logic__712: drone__GB1, 
logic__2575: drone__GB0, 
logic__2021: drone__GB0, 
logic__432: drone__GB1, 
logic__2311: drone__GB0, 
muxpart__9: drone__GB0, 
case__40: drone__GB2, 
addsub__32: drone__GB0, 
case__568: drone__GB0, 
muxpart__322: drone__GB1, 
case__625: drone__GB0, 
logic__874: drone__GB1, 
logic__546: drone__GB1, 
logic__2382: drone__GB0, 
logic__474: drone__GB1, 
case__341: drone__GB1, 
drone_auto_pc_3: drone__GB0, 
keep__13: drone__GB0, 
logic__347: drone__GB1, 
muxpart__202: drone__GB1, 
logic__1011: drone__GB1, 
logic__1910: drone__GB0, 
logic__351: drone__GB1, 
logic__1793: drone__GB0, 
addsub__39: drone__GB0, 
logic__130: drone__GB2, 
case__10: drone__GB1, drone__GB0, 
muxpart__104: drone__GB1, 
muxpart__100: drone__GB1, 
reg__324: drone__GB2, 
logic__2348: drone__GB0, 
datapath__85: drone__GB0, 
case__209: drone__GB1, 
case__55: drone__GB0, 
logic__1472: drone__GB1, 
logic__944: drone__GB1, 
logic__1977: drone__GB0, 
case__182: drone__GB1, 
reg__280: drone__GB0, 
case__509: drone__GB0, 
logic__2585: drone__GB0, 
case__404: drone__GB1, 
logic__1750: drone__GB0, 
case__506: drone__GB0, 
logic__2532: drone__GB0, 
logic__499: drone__GB1, 
axi_protocol_converter_v2_1_17_b2s_b_channel: drone__GB0, 
logic__2867: drone__GB2, 
case__126: drone__GB1, 
logic__1909: drone__GB0, 
logic__1020: drone__GB1, 
datapath__128: drone__GB0, 
muxpart__312: drone__GB1, 
muxpart__289: drone__GB1, 
logic__1005: drone__GB1, 
datapath__105: drone__GB0, 
case__573: drone__GB0, 
logic__1960: drone__GB0, 
case__308: drone__GB1, 
reg__311: drone__GB0, 
muxpart__237: drone__GB1, 
muxpart__277: drone__GB1, 
datapath: drone__GB2, drone__GB0, 
logic__1484: drone__GB2, 
logic__17: drone__GB2, drone__GB0, 
addsub__35: drone__GB0, 
keep__21: drone__GB0, 
logic__34: drone__GB1, drone__GB0, 
logic__1119: drone__GB1, 
logic__2672: drone__GB0, 
case__63: drone__GB0, 
drone_RC_0_0: drone__GB0, 
logic__992: drone__GB1, 
muxpart__347: drone__GB1, 
case__238: drone__GB1, 
case__529: drone__GB0, 
datapath__40: drone__GB1, 
case__651: drone__GB0, 
logic__1555: drone__GB0, 
keep__12: drone__GB0, 
case__418: drone__GB1, 
reg__7: drone__GB2, drone__GB0, 
logic__2771: drone__GB0, 
addsub__33: drone__GB0, 
addsub__4: drone__GB0, 
case__138: drone__GB1, 
reg__269: drone__GB0, 
signinv__34: drone__GB0, 
logic__1281: drone__GB1, 
logic__466: drone__GB1, 
muxpart__102: drone__GB1, 
reg__170: drone__GB1, 
logic__1134: drone__GB1, 
case__497: drone__GB0, 
reg__36: drone__GB1, drone__GB0, 
logic__617: drone__GB1, 
logic__2726: drone__GB0, 
reg__283: drone__GB0, 
logic__329: drone__GB1, 
logic__2681: drone__GB0, 
case__107: drone__GB1, 
logic__2789: drone__GB0, 
logic__1498: drone__GB2, 
signinv__6: drone__GB0, 
logic__1612: drone__GB0, 
datapath__10: drone__GB2, 
logic__544: drone__GB1, 
datapath__63: drone__GB0, 
case__661: drone__GB0, 
logic__138: drone__GB2, 
reg__167: drone__GB1, 
reg__222: drone__GB0, 
muxpart__353: drone__GB1, 
logic__1257: drone__GB1, 
logic__942: drone__GB1, 
reg__294: drone__GB0, 
addsub__38: drone__GB0, 
logic__396: drone__GB1, 
logic: drone__GB2, drone__GB0, 
muxpart__354: drone__GB1, 
muxpart__190: drone__GB1, 
logic__1591: drone__GB0, 
axi_crossbar_v2_1_18_si_transactor: drone__GB0, 
logic__1859: drone__GB0, 
logic__2735: drone__GB0, 
muxpart__225: drone__GB1, 
case__564: drone__GB0, 
case__643: drone__GB0, 
muxpart__439: drone__GB2, 
logic__2305: drone__GB0, 
case__666: drone__GB0, 
case__519: drone__GB0, 
reg__149: drone__GB1, 
logic__2214: drone__GB0, 
keep__42: drone__GB0, 
logic__579: drone__GB1, 
muxpart__178: drone__GB1, 
drone__GB1: drone__GB1, 
logic__847: drone__GB1, 
logic__2173: drone__GB0, 
logic__1402: drone__GB1, 
logic__2533: drone__GB0, 
case__381: drone__GB1, 
case__598: drone__GB0, 
datapath__77: drone__GB0, 
signinv__35: drone__GB0, 
case__160: drone__GB1, 
logic__1474: drone__GB1, 
kill_switch: drone__GB2, 
logic__1333: drone__GB1, 
counter__1: drone__GB1, drone__GB0, 
logic__2020: drone__GB0, 
logic__2314: drone__GB0, 
signinv__37: drone__GB0, 
muxpart__218: drone__GB1, 
datapath__26: drone__GB2, 
logic__2692: drone__GB0, 
muxpart__304: drone__GB1, 
muxpart__321: drone__GB1, 
logic__801: drone__GB1, 
keep__37: drone__GB0, 
logic__217: drone__GB0, 
case__36: drone__GB2, 
logic__2367: drone__GB0, 
logic__1315: drone__GB1, 
signinv__29: drone__GB0, 
datapath__176: drone__GB0, 
logic__2744: drone__GB0, 
addsub__15: drone__GB0, 
logic__1051: drone__GB1, 
reg__94: drone__GB0, 
logic__2790: drone__GB0, 
case__494: drone__GB0, 
logic__655: drone__GB1, 
logic__2765: drone__GB0, 
logic__169: drone__GB2, 
logic__328: drone__GB1, 
reg__24: drone__GB1, drone__GB0, 
case__287: drone__GB1, 
logic__10: drone__GB2, drone__GB0, 
logic__1959: drone__GB0, 
logic__150: drone__GB2, 
datapath__104: drone__GB0, 
logic__525: drone__GB1, 
logic__137: drone__GB2, 
logic__224: drone__GB0, 
signinv__17: drone__GB0, 
axi_protocol_converter_v2_1_17_b2s_wr_cmd_fsm: drone__GB0, 
reg__56: drone__GB2, 
muxpart__181: drone__GB1, 
case__278: drone__GB1, 
logic__285: drone__GB0, 
logic__1719: drone__GB0, 
logic__693: drone__GB1, 
logic__2193: drone__GB0, 
logic__2329: drone__GB0, 
muxpart__108: drone__GB1, 
case__281: drone__GB1, 
logic__571: drone__GB1, 
logic__1597: drone__GB0, 
logic__2586: drone__GB0, 
logic__1003: drone__GB1, 
muxpart__290: drone__GB1, 
case__686: drone__GB0, 
logic__348: drone__GB1, 
keep__22: drone__GB0, 
muxpart__148: drone__GB1, 
case__87: drone__GB1, 
logic__1022: drone__GB1, 
logic__2683: drone__GB0, 
logic__659: drone__GB1, 
reg__23: drone__GB1, drone__GB0, 
muxpart__205: drone__GB1, 
logic__952: drone__GB1, 
logic__1106: drone__GB1, 
addsub__27: drone__GB0, 
reg__218: drone__GB0, 
logic__1711: drone__GB0, 
reg__289: drone__GB0, 
muxpart__349: drone__GB1, 
reg__150: drone__GB1, 
reg__228: drone__GB0, 
logic__1136: drone__GB1, 
logic__1677: drone__GB0, 
logic__149: drone__GB2, 
reg__176: drone__GB1, 
logic__2666: drone__GB0, 
datapath__16: drone__GB2, 
logic__1068: drone__GB1, 
datapath__72: drone__GB0, 
logic__1375: drone__GB1, 
logic__1860: drone__GB0, 
logic__2017: drone__GB0, 
logic__2044: drone__GB0, 
reg__263: drone__GB0, 
logic__1588: drone__GB0, 
reg__41: drone__GB1, drone__GB0, 
case__378: drone__GB1, 
logic__2312: drone__GB0, 
case__570: drone__GB0, 
logic__290: drone__GB0, 
logic__1438: drone__GB1, 
case__155: drone__GB1, 
signinv__23: drone__GB0, 
logic__884: drone__GB1, 
muxpart__393: drone__GB1, 
case__352: drone__GB1, 
logic__1855: drone__GB0, 
case__488: drone__GB0, 
case__606: drone__GB0, 
case__402: drone__GB1, 
logic__260: drone__GB0, 
case__438: drone__GB1, 
reg__162: drone__GB1, 
axi_crossbar_v2_1_18_addr_arbiter: drone__GB0, 
muxpart__212: drone__GB1, 
logic__569: drone__GB1, 
reg__65: drone__GB2, 
case__539: drone__GB0, 
datapath__118: drone__GB0, 
logic__1098: drone__GB1, 
logic__1727: drone__GB0, 
logic__1089: drone__GB1, 
case__678: drone__GB0, 
m01_couplers_imp_4I72GT: drone__GB0, 
axi_protocol_converter_v2_1_17_axi_protocol_converter__parameterized0: drone__GB0, 
logic__1384: drone__GB1, 
muxpart__295: drone__GB1, 
logic__2773: drone__GB0, 
muxpart__247: drone__GB1, 
case__361: drone__GB1, 
case__115: drone__GB1, 
reg__285: drone__GB0, 
logic__1433: drone__GB1, 
logic__2682: drone__GB0, 
muxpart__138: drone__GB1, 
logic__941: drone__GB1, 
logic__946: drone__GB1, 
reg__146: drone__GB1, 
keep__38: drone__GB0, 
case__423: drone__GB1, 
logic__2673: drone__GB0, 
logic__426: drone__GB1, 
logic__2482: drone__GB0, 
muxpart__310: drone__GB1, 
logic__153: drone__GB2, 
case__27: drone__GB2, 
reg__327: drone__GB2, 
logic__849: drone__GB1, 
logic__2601: drone__GB0, 
logic__891: drone__GB1, 
logic__592: drone__GB1, 
logic__2016: drone__GB0, 
reg__62: drone__GB2, 
case__82: drone__GB1, 
logic__1416: drone__GB1, 
case__186: drone__GB1, 
datapath__129: drone__GB0, 
case__19: drone__GB2, 
logic__1958: drone__GB0, 
signinv__3: drone__GB0, 
datapath__95: drone__GB0, 
case__248: drone__GB1, 
m09_couplers_imp_1Q2JWSA: drone__GB0, 
logic__441: drone__GB1, 
logic__2736: drone__GB0, 
logic__2727: drone__GB0, 
case__526: drone__GB0, 
reg__279: drone__GB0, 
addsub__31: drone__GB0, 
case__415: drone__GB1, 
logic__1650: drone__GB0, 
logic__2819: drone__GB0, 
logic__1518: drone__GB0, 
reg__61: drone__GB2, 
logic__1854: drone__GB0, 
datapath__33: drone__GB1, 
muxpart__213: drone__GB1, 
logic__1487: drone__GB2, 
case__439: drone__GB1, 
logic__247: drone__GB0, 
logic__771: drone__GB1, 
logic__1856: drone__GB0, 
muxpart__49: drone__GB1, 
logic__2172: drone__GB0, 
logic__2534: drone__GB0, 
signinv__33: drone__GB0, 
reg__95: drone__GB0, 
addsub__1: drone__GB0, 
muxpart__413: drone__GB1, 
logic__609: drone__GB1, 
reg__191: drone__GB1, 
pselect_f: drone__GB0, 
logic__2772: drone__GB0, 
reg__177: drone__GB1, 
muxpart__41: drone__GB1, 
datapath__166: drone__GB0, 
logic__176: drone__GB2, 
muxpart__82: drone__GB1, 
muxpart__419: drone__GB1, 
case__5: drone__GB2, drone__GB0, 
case__431: drone__GB1, 
logic__2498: drone__GB0, 
m06_couplers_imp_12MUI3R: drone__GB0, 
muxpart__377: drone__GB1, 
case__135: drone__GB1, 
datapath__86: drone__GB0, 
case__421: drone__GB1, 
logic__2043: drone__GB0, 
logic__2611: drone__GB0, 
GPIO_Core: drone__GB0, 
muxpart__20: drone__GB1, 
axi_register_slice_v2_1_17_axic_register_slice: drone__GB0, 
muxpart__14: drone__GB1, 
logic__471: drone__GB1, 
case__275: drone__GB1, 
logic__233: drone__GB0, 
case__429: drone__GB1, 
logic__687: drone__GB1, 
reg__8: drone__GB2, drone__GB0, 
logic__2480: drone__GB0, 
logic__704: drone__GB1, 
reg__13: drone__GB2, drone__GB0, 
case__350: drone__GB1, 
muxpart__22: drone__GB1, 
muxpart__121: drone__GB1, 
logic__1017: drone__GB1, 
logic__2745: drone__GB0, 
logic__332: drone__GB1, 
datapath__96: drone__GB0, 
signinv__42: drone__GB0, 
case__353: drone__GB1, 
logic__918: drone__GB1, 
logic__1155: drone__GB1, 
case__663: drone__GB0, 
case__330: drone__GB1, 
logic__162: drone__GB2, 
muxpart__115: drone__GB1, 
case__377: drone__GB1, 
case__217: drone__GB1, 
counter__14: drone__GB0, 
case__380: drone__GB1, 
logic__266: drone__GB0, 
logic__2791: drone__GB0, 
case__188: drone__GB1, 
logic__682: drone__GB1, 
datapath__5: drone__GB2, 
reg__229: drone__GB0, 
logic__1678: drone__GB0, 
case__252: drone__GB1, 
case__328: drone__GB1, 
datapath__36: drone__GB1, 
logic__1444: drone__GB1, 
muxpart__123: drone__GB1, 
logic__1013: drone__GB1, 
reg__323: drone__GB2, 
muxpart__269: drone__GB1, 
reg__199: drone__GB1, 
logic__2674: drone__GB0, 
muxpart__56: drone__GB1, 
case__210: drone__GB1, 
logic__1957: drone__GB0, 
logic__506: drone__GB1, 
logic__2360: drone__GB0, 
reg__138: drone__GB1, 
reg__102: drone__GB0, 
case__141: drone__GB1, 
muxpart__444: drone__GB0, 
logic__1552: drone__GB0, 
datapath__58: drone__GB0, 
logic__2002: drone__GB0, 
reg__98: drone__GB0, 
logic__1049: drone__GB1, 
logic__2762: drone__GB0, 
reg__172: drone__GB1, 
case__254: drone__GB1, 
logic__1331: drone__GB1, 
reg__116: drone__GB0, 
reg__112: drone__GB0, 
logic__744: drone__GB1, 
case__515: drone__GB0, 
logic__2059: drone__GB0, 
reg__173: drone__GB1, 
muxpart__262: drone__GB1, 
addsub__29: drone__GB0, 
logic__568: drone__GB1, 
muxpart__385: drone__GB1, 
datapath__153: drone__GB0, 
logic__2381: drone__GB0, 
logic__1295: drone__GB1, 
logic__498: drone__GB1, 
case__623: drone__GB0, 
case__285: drone__GB1, 
reg__51: drone__GB2, 
logic__14: drone__GB2, drone__GB0, 
muxpart__337: drone__GB1, 
sequence_psr: drone__GB2, 
logic__2528: drone__GB0, 
muxpart__384: drone__GB1, 
muxpart__316: drone__GB1, 
logic__2213: drone__GB0, 
case__80: drone__GB0, 
case__395: drone__GB1, 
datapath__139: drone__GB0, 
logic__990: drone__GB1, 
datapath__59: drone__GB0, 
logic__21: drone__GB2, drone__GB0, 
signinv__22: drone__GB0, 
logic__1897: drone__GB0, 
muxpart__333: drone__GB1, 
case__335: drone__GB1, 
logic__1785: drone__GB0, 
logic__2499: drone__GB0, 
muxpart__42: drone__GB1, 
logic__2019: drone__GB0, 
logic__2853: drone__GB2, 
muxpart__339: drone__GB1, 
case__679: drone__GB0, 
logic__619: drone__GB1, 
logic__2058: drone__GB0, 
logic__651: drone__GB1, 
signinv__31: drone__GB0, 
logic__725: drone__GB1, 
muxpart__105: drone__GB1, 
axi_crossbar_v2_1_18_wdata_router: drone__GB0, 
case__9: drone__GB1, drone__GB0, 
case__119: drone__GB1, 
addsub__20: drone__GB0, 
logic__2848: drone__GB2, 
logic__2754: drone__GB0, 
case__264: drone__GB1, 
counter__6: drone__GB0, 
muxpart__287: drone__GB1, 
logic__442: drone__GB1, 
case__516: drone__GB0, 
case__47: drone__GB2, 
logic__2657: drone__GB0, 
logic__2143: drone__GB0, 
muxpart__18: drone__GB1, 
logic__114: drone__GB2, 
logic__2042: drone__GB0, 
muxpart__255: drone__GB1, 
case__640: drone__GB0, 
logic__1615: drone__GB0, 
case__232: drone__GB1, 
logic__1682: drone__GB0, 
muxpart__367: drone__GB1, 
case__637: drone__GB0, 
logic__1954: drone__GB0, 
case__311: drone__GB1, 
muxpart__293: drone__GB1, 
case__151: drone__GB1, 
case__453: drone__GB1, 
case__168: drone__GB1, 
datapath__141: drone__GB0, 
logic__2264: drone__GB0, 
keep__36: drone__GB0, 
muxpart__122: drone__GB1, 
muxpart__68: drone__GB1, 
logic__437: drone__GB1, 
case__306: drone__GB1, 
case__657: drone__GB0, 
reg__213: drone__GB0, 
logic__2448: drone__GB0, 
case__631: drone__GB0, 
logic__1697: drone__GB0, 
logic__1455: drone__GB1, 
logic__889: drone__GB1, 
datapath__2: drone__GB2, drone__GB0, 
logic__1504: drone__GB0, 
muxpart__127: drone__GB1, 
counter__12: drone__GB0, 
logic__1238: drone__GB1, 
logic__1096: drone__GB1, 
logic__761: drone__GB1, 
muxpart__442: drone__GB0, 
addsub__40: drone__GB0, 
logic__1283: drone__GB1, 
signinv__12: drone__GB0, 
logic__1953: drone__GB0, 
case__39: drone__GB2, 
logic__1043: drone__GB1, 
muxpart__157: drone__GB1, 
logic__418: drone__GB1, 
logic__1232: drone__GB1, 
logic__1786: drone__GB0, 
logic__269: drone__GB0, 
reg__5: drone__GB2, drone__GB0, 
muxpart__106: drone__GB1, 
case__442: drone__GB1, 
muxpart__373: drone__GB1, 
case__101: drone__GB1, 
datapath__130: drone__GB0, 
muxpart__93: drone__GB1, 
reg__2: drone__GB2, drone__GB0, 
case__342: drone__GB1, 
muxpart__109: drone__GB1, 
logic__1279: drone__GB1, 
case__102: drone__GB1, 
muxpart__296: drone__GB1, 
logic__1765: drone__GB0, 
case__211: drone__GB1, 
case__111: drone__GB1, 
reg__192: drone__GB1, 
addsub__37: drone__GB0, 
case__240: drone__GB1, 
reg__103: drone__GB0, 
logic__1276: drone__GB1, 
reg__46: drone__GB2, 
muxpart__382: drone__GB1, 
logic__2194: drone__GB0, 
signinv__16: drone__GB0, 
logic__1794: drone__GB0, 
muxpart__167: drone__GB1, 
logic__1163: drone__GB1, 
case__255: drone__GB1, 
logic__1211: drone__GB1, 
logic__1726: drone__GB0, 
case__130: drone__GB1, 
reg__272: drone__GB0, 
drone_kill_switch_0_0: drone__GB2, 
case__457: drone__GB1, 
case__445: drone__GB1, 
logic__1740: drone__GB0, 
muxpart__160: drone__GB1, 
muxpart__342: drone__GB1, 
reg__278: drone__GB0, 
case__48: drone__GB2, 
addsub__14: drone__GB0, 
muxpart__131: drone__GB1, 
case__187: drone__GB1, 
logic__103: drone__GB2, 
muxpart__170: drone__GB1, 
case__482: drone__GB0, 
case__293: drone__GB1, 
logic__2831: drone__GB2, 
case__191: drone__GB1, 
signinv__39: drone__GB0, 
muxpart__268: drone__GB1, 
reg__249: drone__GB0, 
logic__2001: drone__GB0, 
case__619: drone__GB0, 
counter__4: drone__GB1, drone__GB0, 
logic__450: drone__GB1, 
logic__1861: drone__GB0, 
logic__826: drone__GB1, 
reg__14: drone__GB2, drone__GB0, 
case__474: drone__GB0, 
logic__1896: drone__GB0, 
logic__1462: drone__GB1, 
muxpart__114: drone__GB1, 
logic__2161: drone__GB0, 
case__517: drone__GB0, 
case__357: drone__GB1, 
logic__1385: drone__GB1, 
logic__1313: drone__GB1, 
muxpart__350: drone__GB1, 
signinv__26: drone__GB0, 
muxpart__278: drone__GB1, 
reg__152: drone__GB1, 
case__288: drone__GB1, 
case__390: drone__GB1, 
muxpart__58: drone__GB1, 
axi_crossbar_v2_1_18_crossbar: drone__GB0, 
logic__2837: drone__GB2, 
logic__1787: drone__GB0, 
case__501: drone__GB0, 
case__216: drone__GB1, 
axi_data_fifo_v2_1_16_ndeep_srl__parameterized1: drone__GB0, 
datapath__168: drone__GB0, 
case__676: drone__GB0, 
logic__839: drone__GB1, 
reg__69: drone__GB2, 
logic__2529: drone__GB0, 
reg__252: drone__GB0, 
muxpart__279: drone__GB1, 
logic__2041: drone__GB0, 
muxpart__351: drone__GB1, 
addsub__36: drone__GB0, 
reg__106: drone__GB0, 
case__282: drone__GB1, 
logic__281: drone__GB0, 
case__49: drone__GB2, 
case__246: drone__GB1, 
logic__1186: drone__GB1, 
datapath__45: drone__GB0, 
logic__1852: drone__GB0, 
logic__1100: drone__GB1, 
datapath__60: drone__GB0, 
logic__1505: drone__GB0, 
logic__540: drone__GB1, 
reg__237: drone__GB0, 
addsub__3: drone__GB0, 
logic__1207: drone__GB1, 
signinv__38: drone__GB0, 
case__604: drone__GB0, 
reg__198: drone__GB1, 
logic__1272: drone__GB1, 
datapath__11: drone__GB2, 
logic__2368: drone__GB0, 
logic__1766: drone__GB0, 
logic__240: drone__GB0, 
case__79: drone__GB0, 
axi_data_fifo_v2_1_16_ndeep_srl__parameterized0: drone__GB0, 
logic__147: drone__GB2, 
reg__109: drone__GB0, 
reg__322: drone__GB2, 
case__83: drone__GB1, 
case__157: drone__GB1, 
logic__2665: drone__GB0, 
muxpart__88: drone__GB1, 
case__167: drone__GB1, 
logic__2710: drone__GB0, 
muxpart__363: drone__GB1, 
logic__2483: drone__GB0, 
logic__1645: drone__GB0, 
muxpart__330: drone__GB1, 
logic__1563: drone__GB0, 
signinv__2: drone__GB0, 
logic__1581: drone__GB0, 
logic__2663: drone__GB0, 
addsub__10: drone__GB0, 
keep__32: drone__GB0, 
logic__954: drone__GB1, 
reg__296: drone__GB0, 
muxpart__424: drone__GB1, 
muxpart__325: drone__GB1, 
case__428: drone__GB1, 
logic__998: drone__GB1, 
logic__1622: drone__GB0, 
logic__421: drone__GB1, 
axi_gpio__parameterized1: drone__GB0, 
logic__1620: drone__GB0, 
logic__674: drone__GB1, 
keep__3: drone__GB0, 
logic__1310: drone__GB1, 
logic__1956: drone__GB0, 
logic__197: drone__GB0, 
logic__2822: drone__GB0, 
keep__35: drone__GB0, 
logic__1862: drone__GB0, 
case__475: drone__GB0, 
logic__361: drone__GB1, 
reg__133: drone__GB1, 
logic__402: drone__GB1, 
logic__1853: drone__GB0, 
logic__1788: drone__GB0, 
addsub__9: drone__GB0, 
EnvelopeFollower: drone__GB2, 
datapath__87: drone__GB0, 
generic_baseblocks_v2_1_0_carry_and: drone__GB0, 
logic__2038: drone__GB0, 
reg__68: drone__GB2, 
muxpart__139: drone__GB1, 
datapath__22: drone__GB2, 
reg__126: drone__GB1, 
reg__287: drone__GB0, 
logic__462: drone__GB1, 
logic__1509: drone__GB0, 
logic__1746: drone__GB0, 
case__121: drone__GB1, 
case__490: drone__GB0, 
logic__2484: drone__GB0, 
muxpart__245: drone__GB1, 
logic__1743: drone__GB0, 
datapath__169: drone__GB0, 
case__464: drone__GB1, 
logic__2307: drone__GB0, 
case__317: drone__GB1, 
reg__125: drone__GB1, 
logic__1441: drone__GB1, 
logic__2702: drone__GB0, 
logic__630: drone__GB1, 
drone_xbar_0: drone__GB0, 
logic__1895: drone__GB0, 
logic__2600: drone__GB0, 
case__627: drone__GB0, 
logic__1123: drone__GB1, 
signinv__11: drone__GB0, 
drone_processing_system7_0_axi_periph_0: drone__GB0, 
case__33: drone__GB2, 
reg__166: drone__GB1, 
logic__2131: drone__GB0, 
logic__2037: drone__GB0, 
muxpart__19: drone__GB1, 
logic__873: drone__GB1, 
logic__2322: drone__GB0, 
muxpart__300: drone__GB1, 
logic__1611: drone__GB0, 
m08_couplers_imp_SDXJDE: drone__GB0, 
logic__386: drone__GB1, 
logic__1833: drone__GB0, 
case__122: drone__GB1, 
reg__25: drone__GB1, drone__GB0, 
logic__1459: drone__GB1, 
muxpart__343: drone__GB1, 
reg__82: drone__GB0, 
logic__1660: drone__GB0, 
logic__1506: drone__GB0, 
reg__227: drone__GB0, 
muxpart__238: drone__GB1, 
logic__1733: drone__GB0, 
muxpart__412: drone__GB1, 
signinv__20: drone__GB0, 
logic__1569: drone__GB0, 
logic__2774: drone__GB0, 
muxpart__253: drone__GB1, 
logic__562: drone__GB1, 
logic__689: drone__GB1, 
logic__613: drone__GB1, 
logic__439: drone__GB1, 
logic__2859: drone__GB2, 
case__96: drone__GB1, 
muxpart__398: drone__GB1, 
case__419: drone__GB1, 
logic__425: drone__GB1, 
case__109: drone__GB1, 
logic__994: drone__GB1, 
case__235: drone__GB1, 
addsub__18: drone__GB0, 
muxpart__402: drone__GB1, 
keep: drone__GB0, 
datapath__131: drone__GB0, 
case__21: drone__GB2, 
logic__1764: drone__GB0, 
muxpart__62: drone__GB1, 
addsub__7: drone__GB0, 
logic__58: drone__GB1, drone__GB0, 
logic__1767: drone__GB0, 
case__531: drone__GB0, 
logic__2654: drone__GB0, 
logic__1789: drone__GB0, 
muxpart__258: drone__GB1, 
logic__1024: drone__GB1, 
datapath__171: drone__GB0, 
muxpart__285: drone__GB1, 
logic__897: drone__GB1, 
reg__45: drone__GB1, drone__GB0, 
signinv__5: drone__GB0, 
case__250: drone__GB1, 
case__193: drone__GB1, 
signinv__9: drone__GB0, 
case__93: drone__GB1, 
case__454: drone__GB1, 
logic__1695: drone__GB0, 
case__413: drone__GB1, 
logic__790: drone__GB1, 
logic__792: drone__GB1, 
case__253: drone__GB1, 
logic__2462: drone__GB0, 
logic__2018: drone__GB0, 
logic__632: drone__GB1, 
datapath__21: drone__GB2, 
case__347: drone__GB1, 
logic__2464: drone__GB0, 
muxpart__221: drone__GB1, 
axi_data_fifo_v2_1_16_axic_srl_fifo__parameterized0: drone__GB0, 
keep__8: drone__GB0, 
logic__62: drone__GB1, drone__GB0, 
logic__2753: drone__GB0, 
logic__1863: drone__GB0, 
logic__1667: drone__GB0, 
logic__2436: drone__GB0, 
case__571: drone__GB0, 
muxpart__383: drone__GB1, 
reg__271: drone__GB0, 
signinv__41: drone__GB0, 
muxpart__61: drone__GB1, 
muxpart__298: drone__GB1, 
datapath__41: drone__GB1, 
logic__1058: drone__GB1, 
axi_crossbar_v2_1_18_axi_crossbar: drone__GB0, 
case__690: drone__GB2, 
case__612: drone__GB0, 
reg__253: drone__GB0, 
upcnt_n: drone__GB2, 
datapath__165: drone__GB0, 
muxpart__284: drone__GB1, 
logic__2612: drone__GB0, 
logic__583: drone__GB1, 
reg__301: drone__GB0, 
case__95: drone__GB1, 
case__579: drone__GB0, 
logic__716: drone__GB1, 
case__139: drone__GB1, 
logic__2645: drone__GB0, 
logic__2719: drone__GB0, 
muxpart__168: drone__GB1, 
datapath__52: drone__GB0, 
logic__2199: drone__GB0, 
keep__26: drone__GB0, 
logic__1308: drone__GB1, 
case__25: drone__GB2, 
logic__256: drone__GB0, 
datapath__115: drone__GB0, 
axi_crossbar_v2_1_18_arbiter_resp: drone__GB0, 
datapath__163: drone__GB0, 
muxpart__317: drone__GB1, 
reg__4: drone__GB2, drone__GB0, 
logic__2455: drone__GB0, 
logic__2512: drone__GB0, 
datapath__13: drone__GB2, 
muxpart__241: drone__GB1, 
logic__163: drone__GB2, 
logic__1894: drone__GB0, 
logic__2581: drone__GB0, 
logic__378: drone__GB1, 
muxpart__30: drone__GB1, 
case__181: drone__GB1, 
logic__1724: drone__GB0, 
logic__363: drone__GB1, 
logic__2545: drone__GB0, 
logic__2280: drone__GB0, 
case__683: drone__GB0, 
logic__2866: drone__GB2, 
keep__15: drone__GB0, 
muxpart__66: drone__GB1, 
logic__2248: drone__GB0, 
datapath__38: drone__GB1, 
reg__155: drone__GB1, 
logic__2084: drone__GB0, 
muxpart__409: drone__GB1, 
logic__2521: drone__GB0, 
reg__184: drone__GB1, 
case__165: drone__GB1, 
logic__2361: drone__GB0, 
muxpart__391: drone__GB1, 
logic__2647: drone__GB0, 
dsrl__3: drone__GB0, 
logic__2781: drone__GB0, 
reg__223: drone__GB0, 
logic__1432: drone__GB1, 
keep__16: drone__GB0, 
logic__1175: drone__GB1, 
datapath__112: drone__GB0, 
case__184: drone__GB1, 
drone_processing_system7_0_0: drone__GB0, 
case__52: drone__GB2, 
logic__1768: drone__GB0, 
reg__148: drone__GB1, 
logic__2485: drone__GB0, 
case__430: drone__GB1, 
muxpart__143: drone__GB1, 
logic__1730: drone__GB0, 
logic__2609: drone__GB0, 
logic__2664: drone__GB0, 
muxpart__120: drone__GB1, 
case__618: drone__GB0, 
case__348: drone__GB1, 
logic__1423: drone__GB1, 
logic__1670: drone__GB0, 
logic__1864: drone__GB0, 
logic__837: drone__GB1, 
muxpart__379: drone__GB1, 
case__567: drone__GB0, 
reg__250: drone__GB0, 
logic__1799: drone__GB0, 
logic__2144: drone__GB0, 
case__331: drone__GB1, 
logic__2015: drone__GB0, 
logic__1731: drone__GB0, 
case__299: drone__GB1, 
reg__220: drone__GB0, 
datapath__78: drone__GB0, 
logic__2339: drone__GB0, 
addsub__24: drone__GB0, 
muxpart__128: drone__GB1, 
case__276: drone__GB1, 
counter__3: drone__GB1, drone__GB0, 
muxpart__2: drone__GB2, 
case__575: drone__GB0, 
datapath__42: drone__GB1, 
muxpart__185: drone__GB1, 
logic__2040: drone__GB0, 
SWIPT_2020_v1_0_S00_AXI: drone__GB2, 
case__20: drone__GB2, 
muxpart__48: drone__GB1, 
reg__40: drone__GB1, drone__GB0, 
logic__1834: drone__GB0, 
datapath__119: drone__GB0, 
case__424: drone__GB1, 
logic__758: drone__GB1, 
muxpart__187: drone__GB1, 
muxpart__244: drone__GB1, 
muxpart__288: drone__GB1, 
case__688: drone__GB2, 
axi_protocol_converter_v2_1_17_b2s: drone__GB0, 
addsub__2: drone__GB0, 
reg__129: drone__GB1, 
case__577: drone__GB0, 
logic__2014: drone__GB0, 
muxpart__415: drone__GB1, 
logic__1322: drone__GB1, 
muxpart__356: drone__GB1, 
addsub: drone__GB0, 
logic__1955: drone__GB0, 
muxpart__179: drone__GB1, 
logic__1115: drone__GB1, 
logic__423: drone__GB1, 
keep__46: drone__GB0, 
muxpart__368: drone__GB1, 
reg__219: drone__GB0, 
case__566: drone__GB0, 
datapath__57: drone__GB0, 
logic__2526: drone__GB0, 
datapath__53: drone__GB0, 
logic__2416: drone__GB0, 
drone_crypto2020_hash_ip_v1_0_0: drone__GB1, 
axi_infrastructure_v1_1_0_vector2axi__parameterized1: drone__GB0, 
muxpart__251: drone__GB1, 
reg__90: drone__GB0, 
counter: drone__GB2, drone__GB0, 
logic__2369: drone__GB0, 
case__215: drone__GB1, 
logic__1643: drone__GB0, 
logic__521: drone__GB1, 
drone_PWM_AXI_triple_4_0: drone__GB2, 
m07_couplers_imp_E365ZJ: drone__GB0, 
logic__1629: drone__GB0, 
signinv__4: drone__GB0, 
logic__2149: drone__GB0, 
reg__20: drone__GB1, drone__GB0, 
logic__2728: drone__GB0, 
muxpart__78: drone__GB1, 
datapath__173: drone__GB0, 
datapath__69: drone__GB0, 
logic__2083: drone__GB0, 
muxpart__340: drone__GB1, 
logic__1723: drone__GB0, 
logic__2825: drone__GB0, 
logic__1184: drone__GB1, 
logic__1893: drone__GB0, 
muxpart__183: drone__GB1, 
logic__2655: drone__GB0, 
logic__1511: drone__GB0, 
reg__136: drone__GB1, 
reg__141: drone__GB1, 
reg__42: drone__GB1, drone__GB0, 
reg__182: drone__GB1, 
logic__2321: drone__GB0, 
logic__51: drone__GB1, drone__GB0, 
logic__752: drone__GB1, 
muxpart__64: drone__GB1, 
logic__265: drone__GB0, 
logic__1769: drone__GB0, 
logic__695: drone__GB1, 
drone_PWM_AXI_triple_5_0: drone__GB0, 
reg__291: drone__GB0, 
FrequencyTrackerII: drone__GB2, 
logic__155: drone__GB2, 
logic__1732: drone__GB0, 
datapath__156: drone__GB0, 
logic__1226: drone__GB1, 
case__218: drone__GB1, 
datapath__68: drone__GB0, 
case__42: drone__GB2, 
logic__555: drone__GB1, 
datapath__20: drone__GB2, 
case__569: drone__GB0, 
logic__1795: drone__GB0, 
logic__1371: drone__GB1, 
reg__234: drone__GB0, 
logic__22: drone__GB2, drone__GB0, 
logic__2746: drone__GB0, 
logic__2646: drone__GB0, 
logic__1239: drone__GB1, 
counter__13: drone__GB0, 
logic__657: drone__GB1, 
logic__2333: drone__GB0, 
logic__1952: drone__GB0, 
reg__72: drone__GB2, 
case__41: drone__GB2, 
case__502: drone__GB0, 
muxpart__177: drone__GB1, 
logic__564: drone__GB1, 
logic__473: drone__GB1, 
axi_protocol_converter_v2_1_17_b2s_wrap_cmd: drone__GB0, 
datapath__65: drone__GB0, 
logic__1561: drone__GB0, 
muxpart__16: drone__GB1, 
case__466: drone__GB1, 
case__271: drone__GB1, 
muxpart__193: drone__GB1, 
muxpart__136: drone__GB1, 
muxpart__324: drone__GB1, 
reg__243: drone__GB0, 
logic__809: drone__GB1, 
muxpart__226: drone__GB1, 
logic__1573: drone__GB0, 
logic__841: drone__GB1, 
muxpart__274: drone__GB1, 
generic_baseblocks_v2_1_0_comparator_static__parameterized8: drone__GB0, 
datapath__88: drone__GB0, 
datapath__97: drone__GB0, 
muxpart__99: drone__GB1, 
datapath__15: drone__GB2, 
logic__519: drone__GB1, 
logic__906: drone__GB1, 
logic__1951: drone__GB0, 
logic__1696: drone__GB0, 
logic__1865: drone__GB0, 
